Sep  7 12:20:32 cu-cs-vm rsyslogd: [origin software="rsyslogd" swVersion="8.16.0" x-pid="1725" x-info="http://www.rsyslog.com"] rsyslogd was HUPed
Sep  7 12:20:56 cu-cs-vm anacron[1706]: Job `cron.daily' terminated
Sep  7 12:25:31 cu-cs-vm anacron[1706]: Job `cron.weekly' started
Sep  7 12:25:31 cu-cs-vm anacron[3639]: Updated timestamp for job `cron.weekly' to 2016-09-07
Sep  7 12:25:31 cu-cs-vm uptimed: moving up to position 7: 0 days, 00:10:08
Sep  7 12:25:33 cu-cs-vm anacron[1706]: Job `cron.weekly' terminated
Sep  7 12:25:33 cu-cs-vm anacron[1706]: Normal exit (2 jobs run)
Sep  7 12:30:24 cu-cs-vm systemd[1]: Starting Cleanup of Temporary Directories...
Sep  7 12:30:24 cu-cs-vm systemd-tmpfiles[3705]: [/usr/lib/tmpfiles.d/var.conf:14] Duplicate line for path "/var/log", ignoring.
Sep  7 12:30:24 cu-cs-vm systemd[1]: Started Cleanup of Temporary Directories.
Sep  7 12:31:16 cu-cs-vm dbus[1758]: [system] Activating via systemd: service name='org.freedesktop.hostname1' unit='dbus-org.freedesktop.hostname1.service'
Sep  7 12:31:16 cu-cs-vm systemd[1]: Starting Hostname Service...
Sep  7 12:31:16 cu-cs-vm dbus[1758]: [system] Successfully activated service 'org.freedesktop.hostname1'
Sep  7 12:31:16 cu-cs-vm systemd[1]: Started Hostname Service.
Sep  7 12:31:20 cu-cs-vm org.gtk.vfs.Daemon[2535]: ** (gvfsd:2622): WARNING **: dbus_mount_reply: Error from org.gtk.vfs.Mountable.mount(): Failed to retrieve share list from server: Connection refused
Sep  7 12:31:20 cu-cs-vm org.gtk.vfs.Daemon[2535]: ** (process:3722): WARNING **: Couldn't create directory monitor on smb://x-gnome-default-workgroup/. Error: The specified location is not mounted
Sep  7 12:35:31 cu-cs-vm uptimed: moving up to position 6: 0 days, 00:20:08
Sep  7 12:40:30 cu-cs-vm kernel: [ 1505.320458] show_signal_msg: 27 callbacks suppressed
Sep  7 12:40:30 cu-cs-vm kernel: [ 1505.320462] test[4058]: segfault at ffffffffffffffc0 ip 00007f281e701eaf sp 00007ffc27326ee8 error 5 in libc-2.23.so[7f281e66c000+1c0000]
Sep  7 12:41:23 cu-cs-vm kernel: [ 1558.434402] test[4076]: segfault at ffffffffffffffc0 ip 00007fce2c262eaf sp 00007ffe58ee3de8 error 5 in libc-2.23.so[7fce2c1cd000+1c0000]
Sep  7 12:42:40 cu-cs-vm systemd[1]: Reloading.
Sep  7 12:42:40 cu-cs-vm systemd[1]: snapd.refresh.timer: Adding 5h 10min 27.072843s random time.
Sep  7 12:42:40 cu-cs-vm systemd[1]: snapd.refresh.timer: Adding 10min 43.819045s random time.
Sep  7 12:42:40 cu-cs-vm systemd[1]: Started ACPI event daemon.
Sep  7 12:42:40 cu-cs-vm systemd[1]: Started CUPS Scheduler.
Sep  7 12:42:43 cu-cs-vm systemd[1]: Reloading.
Sep  7 12:42:43 cu-cs-vm systemd[1]: snapd.refresh.timer: Adding 1h 57min 31.836316s random time.
Sep  7 12:42:43 cu-cs-vm systemd[1]: snapd.refresh.timer: Adding 5h 57min 16.088332s random time.
Sep  7 12:42:43 cu-cs-vm systemd[1]: Started ACPI event daemon.
Sep  7 12:42:43 cu-cs-vm systemd[1]: Started CUPS Scheduler.
Sep  7 12:42:48 cu-cs-vm NetworkManager[1858]: <info>  [1473273768.5517] manager: kernel firmware directory '/lib/firmware' changed
Sep  7 12:43:50 cu-cs-vm systemd[1]: Reloading.
Sep  7 12:43:50 cu-cs-vm systemd[1]: snapd.refresh.timer: Adding 33min 54.144170s random time.
Sep  7 12:43:50 cu-cs-vm systemd[1]: snapd.refresh.timer: Adding 5h 19min 32.362833s random time.
Sep  7 12:43:50 cu-cs-vm systemd[1]: Started ACPI event daemon.
Sep  7 12:43:50 cu-cs-vm systemd[1]: Started CUPS Scheduler.
Sep  7 12:43:50 cu-cs-vm systemd[1]: Reloading.
Sep  7 12:43:50 cu-cs-vm systemd[1]: snapd.refresh.timer: Adding 1h 59min 16.275115s random time.
Sep  7 12:43:50 cu-cs-vm systemd[1]: snapd.refresh.timer: Adding 1h 37min 56.651051s random time.
Sep  7 12:43:50 cu-cs-vm systemd[1]: Started ACPI event daemon.
Sep  7 12:43:50 cu-cs-vm systemd[1]: Started CUPS Scheduler.
Sep  7 12:43:50 cu-cs-vm systemd[1]: Stopping OpenBSD Secure Shell server...
Sep  7 12:43:50 cu-cs-vm systemd[1]: Stopped OpenBSD Secure Shell server.
Sep  7 12:43:50 cu-cs-vm systemd[1]: Starting OpenBSD Secure Shell server...
Sep  7 12:43:50 cu-cs-vm systemd[1]: Started OpenBSD Secure Shell server.
Sep  7 12:44:05 cu-cs-vm vboxadd.sh: Building Guest Additions kernel modules.
Sep  7 12:44:05 cu-cs-vm vboxadd.sh: Building the VirtualBox Guest Additions kernel modules.
Sep  7 12:44:05 cu-cs-vm vboxadd.sh: Building the main Guest Additions module.
Sep  7 12:44:25 cu-cs-vm vboxadd.sh: .
Sep  7 12:44:25 cu-cs-vm vboxadd.sh: Building the shared folder support module.
Sep  7 12:44:28 cu-cs-vm vboxadd.sh: .
Sep  7 12:44:28 cu-cs-vm vboxadd.sh: Building the graphics driver module.
Sep  7 12:44:31 cu-cs-vm vboxadd.sh: .
Sep  7 12:44:45 cu-cs-vm vboxadd.sh: Building Guest Additions kernel modules.
Sep  7 12:44:52 cu-cs-vm systemd[1]: Started Daily apt activities.
Sep  7 12:44:52 cu-cs-vm systemd[1]: apt-daily.timer: Adding 10h 3min 26.361577s random time.
Sep  7 12:44:52 cu-cs-vm systemd[1]: Startup finished in 3.736s (kernel) + 29min 24.316s (userspace) = 29min 28.052s.
Sep  7 12:44:52 cu-cs-vm systemd[1]: apt-daily.timer: Adding 2h 57min 10.141766s random time.
Sep  7 12:45:31 cu-cs-vm uptimed: moving up to position 4: 0 days, 00:30:08
Sep  7 12:58:20 cu-cs-vm vboxadd.sh: Building Guest Additions kernel modules.
Sep  7 12:58:31 cu-cs-vm systemd[1]: Stopped target Timers.
Sep  7 12:58:31 cu-cs-vm systemd[1]: Stopped target Graphical Interface.
Sep  7 12:58:31 cu-cs-vm systemd[1]: Stopping Light Display Manager...
Sep  7 12:58:31 cu-cs-vm systemd[1]: Stopping Daemon for generating UUIDs...
Sep  7 12:58:31 cu-cs-vm obexd[2987]: Terminating
Sep  7 12:58:31 cu-cs-vm org.a11y.atspi.Registry[2632]: XIO:  fatal IO error 11 (Resource temporarily unavailable) on X server ":0"
Sep  7 12:58:31 cu-cs-vm org.a11y.atspi.Registry[2632]:       after 4071 requests (4071 known processed) with 0 events remaining.
Sep  7 12:58:31 cu-cs-vm systemd[1]: Starting Unattended Upgrades Shutdown...
Sep  7 12:58:31 cu-cs-vm systemd[1]: Stopping Session c1 of user user.
Sep  7 12:58:31 cu-cs-vm systemd[1]: Closed Load/Save RF Kill Switch Status /dev/rfkill Watch.
Sep  7 12:58:31 cu-cs-vm systemd[1]: Stopping Disk Manager...
Sep  7 12:58:31 cu-cs-vm systemd[1]: Stopped Daily apt activities.
Sep  7 12:58:31 cu-cs-vm systemd[1]: Stopped target Multi-User System.
Sep  7 12:58:31 cu-cs-vm systemd[1]: Stopped target Login Prompts.
Sep  7 12:58:31 cu-cs-vm systemd[1]: Stopping Getty on tty1...
Sep  7 12:58:31 cu-cs-vm systemd[1]: Stopping vboxadd-x11.service...
Sep  7 12:58:31 cu-cs-vm systemd[1]: Stopping vboxadd-service.service...
Sep  7 12:58:31 cu-cs-vm systemd[1]: Stopping LSB: Record successful boot for GRUB...
Sep  7 12:58:31 cu-cs-vm systemd[1]: Stopping crash report submission daemon...
Sep  7 12:58:31 cu-cs-vm systemd[1]: Stopping LSB: Load kernel image with kexec...
Sep  7 12:58:31 cu-cs-vm systemd[1]: Stopping LSB: disk temperature monitoring daemon...
Sep  7 12:58:31 cu-cs-vm systemd[1]: Stopping LSB: automatic crash report generation...
Sep  7 12:58:31 cu-cs-vm vboxadd-service[22719]: vboxadd-service.sh: Stopping VirtualBox Guest Addition service.
Sep  7 12:58:31 cu-cs-vm vboxadd-service.sh: Stopping VirtualBox Guest Addition service.
Sep  7 12:58:31 cu-cs-vm systemd[1]: Stopping LSB: Speech Dispatcher...
Sep  7 12:58:31 cu-cs-vm systemd[1]: Stopping LSB: Set the CPU Frequency Scaling governor to "ondemand"...
Sep  7 12:58:31 cu-cs-vm systemd[1]: Stopping Regular background program processing daemon...
Sep  7 12:58:31 cu-cs-vm systemd[1]: Stopped target Sound Card.
Sep  7 12:58:31 cu-cs-vm systemd[1]: Stopping Make remote CUPS printers available locally...
Sep  7 12:58:31 cu-cs-vm systemd[1]: Stopped Daily Cleanup of Temporary Directories.
Sep  7 12:58:31 cu-cs-vm dbus[1758]: [system] Activating via systemd: service name='org.freedesktop.PolicyKit1' unit='polkitd.service'
Sep  7 12:20:32 cu-cs-vm rsyslogd: [origin software="rsyslogd" swVersion="8.16.0" x-pid="1725" x-info="http://www.rsyslog.com"] rsyslogd was HUPed
Sep  7 12:58:31 cu-cs-vm rsyslogd: [origin software="rsyslogd" swVersion="8.16.0" x-pid="1725" x-info="http://www.rsyslog.com"] exiting on signal 15.
Sep  7 12:58:50 cu-cs-vm rsyslogd: [origin software="rsyslogd" swVersion="8.16.0" x-pid="1537" x-info="http://www.rsyslog.com"] start
Sep  7 12:58:50 cu-cs-vm rsyslogd-2222: command 'KLogPermitNonKernelFacility' is currently not permitted - did you already set it via a RainerScript command (v6+ config)? [v8.16.0 try http://www.rsyslog.com/e/2222 ]
Sep  7 12:58:50 cu-cs-vm rsyslogd: rsyslogd's groupid changed to 108
Sep  7 12:58:50 cu-cs-vm rsyslogd: rsyslogd's userid changed to 104
Sep  7 12:58:50 cu-cs-vm systemd-modules-load[599]: Inserted module 'lp'
Sep  7 12:58:50 cu-cs-vm loadkeys[595]: Loading /etc/console-setup/cached.kmap.gz
Sep  7 12:58:50 cu-cs-vm systemd-modules-load[599]: Inserted module 'ppdev'
Sep  7 12:58:50 cu-cs-vm systemd-modules-load[599]: Inserted module 'parport_pc'
Sep  7 12:58:50 cu-cs-vm systemd[1]: Started Set console keymap.
Sep  7 12:58:50 cu-cs-vm systemd[1]: Started Create list of required static device nodes for the current kernel.
Sep  7 12:58:50 cu-cs-vm systemd[1]: Started Load Kernel Modules.
Sep  7 12:58:50 cu-cs-vm systemd[1]: Started Uncomplicated firewall.
Sep  7 12:58:50 cu-cs-vm systemd[1]: Started Nameserver information manager.
Sep  7 12:58:50 cu-cs-vm systemd[1]: Mounting FUSE Control File System...
Sep  7 12:58:50 cu-cs-vm systemd[1]: Starting Apply Kernel Variables...
Sep  7 12:58:50 cu-cs-vm systemd[1]: Starting Create Static Device Nodes in /dev...
Sep  7 12:58:50 cu-cs-vm systemd[1]: Mounted FUSE Control File System.
Sep  7 12:58:50 cu-cs-vm systemd[1]: Started Apply Kernel Variables.
Sep  7 12:58:50 cu-cs-vm systemd[1]: Started Create Static Device Nodes in /dev.
Sep  7 12:58:50 cu-cs-vm systemd[1]: Starting udev Kernel Device Manager...
Sep  7 12:58:50 cu-cs-vm systemd[1]: Started udev Kernel Device Manager.
Sep  7 12:58:50 cu-cs-vm systemd[1]: Starting Remount Root and Kernel File Systems...
Sep  7 12:58:50 cu-cs-vm systemd[1]: Started Remount Root and Kernel File Systems.
Sep  7 12:58:50 cu-cs-vm systemd[1]: Starting udev Coldplug all Devices...
Sep  7 12:58:50 cu-cs-vm systemd[1]: Reached target Local File Systems (Pre).
Sep  7 12:58:50 cu-cs-vm systemd[1]: Starting Flush Journal to Persistent Storage...
Sep  7 12:58:50 cu-cs-vm systemd[1]: Starting Load/Save Random Seed...
Sep  7 12:58:50 cu-cs-vm systemd[1]: Started Load/Save Random Seed.
Sep  7 12:58:50 cu-cs-vm systemd[1]: Started Flush Journal to Persistent Storage.
Sep  7 12:58:50 cu-cs-vm systemd[1]: Started udev Coldplug all Devices.
Sep  7 12:58:50 cu-cs-vm systemd[1]: Started Dispatch Password Requests to Console Directory Watch.
Sep  7 12:58:50 cu-cs-vm mtp-probe: checking bus 1, device 2: "/sys/devices/pci0000:00/0000:00:06.0/usb1/1-1"
Sep  7 12:58:50 cu-cs-vm mtp-probe: bus: 1, device: 2 was not an MTP device
Sep  7 12:58:50 cu-cs-vm systemd-udevd[670]: Process '/lib/udev/hdparm' failed with exit code 5.
Sep  7 12:58:50 cu-cs-vm systemd[1]: Found device VBOX_HARDDISK 1.
Sep  7 12:58:50 cu-cs-vm systemd[1]: Starting File System Check on /dev/disk/by-uuid/7edb9fb6-5937-400b-b2d4-95dbf988ef57...
Sep  7 12:58:50 cu-cs-vm systemd[1]: Started File System Check Daemon to report status.
Sep  7 12:58:50 cu-cs-vm systemd[1]: Started File System Check on /dev/disk/by-uuid/7edb9fb6-5937-400b-b2d4-95dbf988ef57.
Sep  7 12:58:50 cu-cs-vm systemd[1]: Mounting /home...
Sep  7 12:58:50 cu-cs-vm systemd[1]: Mounted /home.
Sep  7 12:58:50 cu-cs-vm systemd[1]: Reached target Local File Systems.
Sep  7 12:58:50 cu-cs-vm systemd[1]: Starting LSB: AppArmor initialization...
Sep  7 12:58:50 cu-cs-vm systemd[1]: Starting Create Volatile Files and Directories...
Sep  7 12:58:50 cu-cs-vm systemd[1]: Starting Set console font and keymap...
Sep  7 12:58:50 cu-cs-vm systemd[1]: Starting Enable support for additional executable binary formats...
Sep  7 12:58:50 cu-cs-vm systemd-tmpfiles[1228]: [/usr/lib/tmpfiles.d/var.conf:14] Duplicate line for path "/var/log", ignoring.
Sep  7 12:58:50 cu-cs-vm systemd[1]: Starting Tell Plymouth To Write Out Runtime Data...
Sep  7 12:58:50 cu-cs-vm systemd[1]: proc-sys-fs-binfmt_misc.automount: Got automount request for /proc/sys/fs/binfmt_misc, triggered by 1230 (update-binfmts)
Sep  7 12:58:50 cu-cs-vm systemd[1]: Started Tell Plymouth To Write Out Runtime Data.
Sep  7 12:58:50 cu-cs-vm systemd[1]: Started Create Volatile Files and Directories.
Sep  7 12:58:50 cu-cs-vm apparmor[1197]:  * Starting AppArmor profiles
Sep  7 12:58:50 cu-cs-vm systemd[1]: Starting Update UTMP about System Boot/Shutdown...
Sep  7 12:58:50 cu-cs-vm systemd[1]: Reached target System Time Synchronized.
Sep  7 12:58:50 cu-cs-vm systemd[1]: Mounting Arbitrary Executable File Formats File System...
Sep  7 12:58:50 cu-cs-vm systemd[1]: Started Update UTMP about System Boot/Shutdown.
Sep  7 12:58:50 cu-cs-vm systemd[1]: Mounted Arbitrary Executable File Formats File System.
Sep  7 12:58:50 cu-cs-vm systemd[1]: Started Enable support for additional executable binary formats.
Sep  7 12:58:50 cu-cs-vm apparmor[1197]: Skipping profile in /etc/apparmor.d/disable: usr.bin.firefox
Sep  7 12:58:50 cu-cs-vm systemd[1]: Started Set console font and keymap.
Sep  7 12:58:50 cu-cs-vm systemd[1]: Created slice system-getty.slice.
Sep  7 12:58:50 cu-cs-vm apparmor[1197]: Skipping profile in /etc/apparmor.d/disable: usr.sbin.rsyslogd
Sep  7 12:58:50 cu-cs-vm apparmor[1197]:    ...done.
Sep  7 12:58:50 cu-cs-vm systemd[1]: Started LSB: AppArmor initialization.
Sep  7 12:58:50 cu-cs-vm systemd[1]: Starting Raise network interfaces...
Sep  7 12:58:50 cu-cs-vm systemd[1]: Reached target System Initialization.
Sep  7 12:58:50 cu-cs-vm systemd[1]: Started Daily Cleanup of Temporary Directories.
Sep  7 12:58:50 cu-cs-vm systemd[1]: Started CUPS Scheduler.
Sep  7 12:58:50 cu-cs-vm systemd[1]: Listening on Avahi mDNS/DNS-SD Stack Activation Socket.
Sep  7 12:58:50 cu-cs-vm systemd[1]: apt-daily.timer: Adding 9h 57min 58.288985s random time.
Sep  7 12:58:50 cu-cs-vm systemd[1]: Started Daily apt activities.
Sep  7 12:58:50 cu-cs-vm systemd[1]: Listening on ACPID Listen Socket.
Sep  7 12:58:50 cu-cs-vm systemd[1]: Listening on CUPS Scheduler.
Sep  7 12:58:50 cu-cs-vm systemd[1]: Starting Socket activation for snappy daemon.
Sep  7 12:58:50 cu-cs-vm systemd[1]: Listening on UUID daemon activation socket.
Sep  7 12:58:50 cu-cs-vm systemd[1]: Started ACPI Events Check.
Sep  7 12:58:50 cu-cs-vm systemd[1]: snapd.refresh.timer: Adding 37min 18.364240s random time.
Sep  7 12:58:50 cu-cs-vm systemd[1]: snapd.refresh.timer: Adding 2h 51min 40.730919s random time.
Sep  7 12:58:50 cu-cs-vm systemd[1]: Started Timer to automatically refresh installed snaps.
Sep  7 12:58:50 cu-cs-vm systemd[1]: Reached target Timers.
Sep  7 12:58:50 cu-cs-vm systemd[1]: Started Trigger resolvconf update for networkd DNS.
Sep  7 12:58:50 cu-cs-vm systemd[1]: Reached target Paths.
Sep  7 12:58:50 cu-cs-vm systemd[1]: Listening on D-Bus System Message Bus Socket.
Sep  7 12:58:50 cu-cs-vm systemd[1]: Listening on Socket activation for snappy daemon.
Sep  7 12:58:50 cu-cs-vm systemd[1]: Listening on Load/Save RF Kill Switch Status /dev/rfkill Watch.
Sep  7 12:58:50 cu-cs-vm systemd[1]: Reached target Sockets.
Sep  7 12:58:50 cu-cs-vm systemd[1]: Reached target Basic System.
Sep  7 12:58:50 cu-cs-vm systemd[1]: Starting LSB: Execute the kexec -e command to reboot system...
Sep  7 12:58:50 cu-cs-vm systemd[1]: Starting Avahi mDNS/DNS-SD Stack...
Sep  7 12:58:50 cu-cs-vm systemd[1]: Started ACPI event daemon.
Sep  7 12:58:50 cu-cs-vm systemd[1]: Starting Accounts Service...
Sep  7 12:58:50 cu-cs-vm systemd[1]: Started CUPS Scheduler.
Sep  7 12:58:50 cu-cs-vm avahi-daemon[1487]: Found user 'avahi' (UID 111) and group 'avahi' (GID 120).
Sep  7 12:58:50 cu-cs-vm avahi-daemon[1487]: Successfully dropped root privileges.
Sep  7 12:58:50 cu-cs-vm avahi-daemon[1487]: avahi-daemon 0.6.32-rc starting up.
Sep  7 12:58:50 cu-cs-vm systemd[1]: Started uptime record daemon.
Sep  7 12:58:50 cu-cs-vm systemd[1]: Starting Modem Manager...
Sep  7 12:58:50 cu-cs-vm systemd[1]: Starting LSB: Speech Dispatcher...
Sep  7 12:58:50 cu-cs-vm systemd[1]: Started crash report submission daemon.
Sep  7 12:58:50 cu-cs-vm systemd[1]: Starting LSB: daemon to balance interrupts for SMP systems...
Sep  7 12:58:50 cu-cs-vm systemd[1]: Starting System Logging Service...
Sep  7 12:58:50 cu-cs-vm ModemManager[1525]: <info>  ModemManager (version 1.4.12) starting in system bus...
Sep  7 12:58:50 cu-cs-vm systemd[1]: Starting Permit User Sessions...
Sep  7 12:58:50 cu-cs-vm kernel: [    0.000000] Initializing cgroup subsys cpuset
Sep  7 12:58:50 cu-cs-vm kernel: [    0.000000] Initializing cgroup subsys cpu
Sep  7 12:58:50 cu-cs-vm kernel: [    0.000000] Initializing cgroup subsys cpuacct
Sep  7 12:58:50 cu-cs-vm kernel: [    0.000000] Linux version 4.4.16OS_Kernel (root@cu-cs-vm) (gcc version 5.4.0 20160609 (Ubuntu 5.4.0-6ubuntu1~16.04.2) ) #4 SMP Wed Sep 7 12:57:09 MDT 2016 (Ubuntu 4.4.0-34.53-generic 4.4.15)
Sep  7 12:58:50 cu-cs-vm kernel: [    0.000000] Command line: BOOT_IMAGE=/@/boot/vmlinuz-4.4.16OS_Kernel root=UUID=7edb9fb6-5937-400b-b2d4-95dbf988ef57 ro rootflags=subvol=@ crashkernel=384M-:128M
Sep  7 12:58:50 cu-cs-vm kernel: [    0.000000] KERNEL supported cpus:
Sep  7 12:58:50 cu-cs-vm kernel: [    0.000000]   Intel GenuineIntel
Sep  7 12:58:50 cu-cs-vm kernel: [    0.000000]   AMD AuthenticAMD
Sep  7 12:58:50 cu-cs-vm kernel: [    0.000000]   Centaur CentaurHauls
Sep  7 12:58:50 cu-cs-vm kernel: [    0.000000] x86/fpu: xstate_offset[2]:  576, xstate_sizes[2]:  256
Sep  7 12:58:50 cu-cs-vm kernel: [    0.000000] x86/fpu: Supporting XSAVE feature 0x01: 'x87 floating point registers'
Sep  7 12:58:50 cu-cs-vm kernel: [    0.000000] x86/fpu: Supporting XSAVE feature 0x02: 'SSE registers'
Sep  7 12:58:50 cu-cs-vm kernel: [    0.000000] x86/fpu: Supporting XSAVE feature 0x04: 'AVX registers'
Sep  7 12:58:50 cu-cs-vm kernel: [    0.000000] x86/fpu: Enabled xstate features 0x7, context size is 832 bytes, using 'standard' format.
Sep  7 12:58:50 cu-cs-vm kernel: [    0.000000] x86/fpu: Using 'lazy' FPU context switches.
Sep  7 12:58:50 cu-cs-vm kernel: [    0.000000] e820: BIOS-provided physical RAM map:
Sep  7 12:58:50 cu-cs-vm kernel: [    0.000000] BIOS-e820: [mem 0x0000000000000000-0x000000000009fbff] usable
Sep  7 12:58:50 cu-cs-vm kernel: [    0.000000] BIOS-e820: [mem 0x000000000009fc00-0x000000000009ffff] reserved
Sep  7 12:58:50 cu-cs-vm kernel: [    0.000000] BIOS-e820: [mem 0x00000000000f0000-0x00000000000fffff] reserved
Sep  7 12:58:50 cu-cs-vm kernel: [    0.000000] BIOS-e820: [mem 0x0000000000100000-0x000000007ffeffff] usable
Sep  7 12:58:50 cu-cs-vm kernel: [    0.000000] BIOS-e820: [mem 0x000000007fff0000-0x000000007fffffff] ACPI data
Sep  7 12:58:50 cu-cs-vm kernel: [    0.000000] BIOS-e820: [mem 0x00000000fec00000-0x00000000fec00fff] reserved
Sep  7 12:58:50 cu-cs-vm kernel: [    0.000000] BIOS-e820: [mem 0x00000000fee00000-0x00000000fee00fff] reserved
Sep  7 12:58:50 cu-cs-vm kernel: [    0.000000] BIOS-e820: [mem 0x00000000fffc0000-0x00000000ffffffff] reserved
Sep  7 12:58:50 cu-cs-vm kernel: [    0.000000] NX (Execute Disable) protection: active
Sep  7 12:58:50 cu-cs-vm kernel: [    0.000000] SMBIOS 2.5 present.
Sep  7 12:58:50 cu-cs-vm kernel: [    0.000000] DMI: innotek GmbH VirtualBox/VirtualBox, BIOS VirtualBox 12/01/2006
Sep  7 12:58:50 cu-cs-vm kernel: [    0.000000] Hypervisor detected: KVM
Sep  7 12:58:50 cu-cs-vm kernel: [    0.000000] e820: update [mem 0x00000000-0x00000fff] usable ==> reserved
Sep  7 12:58:50 cu-cs-vm kernel: [    0.000000] e820: remove [mem 0x000a0000-0x000fffff] usable
Sep  7 12:58:50 cu-cs-vm kernel: [    0.000000] e820: last_pfn = 0x7fff0 max_arch_pfn = 0x400000000
Sep  7 12:58:50 cu-cs-vm kernel: [    0.000000] MTRR default type: uncachable
Sep  7 12:58:50 cu-cs-vm kernel: [    0.000000] MTRR variable ranges disabled:
Sep  7 12:58:50 cu-cs-vm kernel: [    0.000000] x86/PAT: Configuration [0-7]: WB  WC  UC- UC  WB  WC  UC- WT  
Sep  7 12:58:50 cu-cs-vm kernel: [    0.000000] MTRR: Disabled
Sep  7 12:58:50 cu-cs-vm kernel: [    0.000000] CPU MTRRs all blank - virtualized system.
Sep  7 12:58:50 cu-cs-vm kernel: [    0.000000] found SMP MP-table at [mem 0x0009fff0-0x0009ffff] mapped at [ffff88000009fff0]
Sep  7 12:58:50 cu-cs-vm kernel: [    0.000000] Scanning 1 areas for low memory corruption
Sep  7 12:58:50 cu-cs-vm kernel: [    0.000000] Base memory trampoline at [ffff880000099000] 99000 size 24576
Sep  7 12:58:50 cu-cs-vm kernel: [    0.000000] BRK [0x021fb000, 0x021fbfff] PGTABLE
Sep  7 12:58:50 cu-cs-vm kernel: [    0.000000] BRK [0x021fc000, 0x021fcfff] PGTABLE
Sep  7 12:58:50 cu-cs-vm kernel: [    0.000000] BRK [0x021fd000, 0x021fdfff] PGTABLE
Sep  7 12:58:50 cu-cs-vm kernel: [    0.000000] BRK [0x021fe000, 0x021fefff] PGTABLE
Sep  7 12:58:50 cu-cs-vm kernel: [    0.000000] BRK [0x021ff000, 0x021fffff] PGTABLE
Sep  7 12:58:50 cu-cs-vm kernel: [    0.000000] RAMDISK: [mem 0x33862000-0x35c28fff]
Sep  7 12:58:50 cu-cs-vm kernel: [    0.000000] ACPI: Early table checksum verification disabled
Sep  7 12:58:50 cu-cs-vm kernel: [    0.000000] ACPI: RSDP 0x00000000000E0000 000024 (v02 VBOX  )
Sep  7 12:58:50 cu-cs-vm kernel: [    0.000000] ACPI: XSDT 0x000000007FFF0030 00003C (v01 VBOX   VBOXXSDT 00000001 ASL  00000061)
Sep  7 12:58:50 cu-cs-vm kernel: [    0.000000] ACPI: FACP 0x000000007FFF00F0 0000F4 (v04 VBOX   VBOXFACP 00000001 ASL  00000061)
Sep  7 12:58:50 cu-cs-vm kernel: [    0.000000] ACPI: DSDT 0x000000007FFF0470 00210F (v01 VBOX   VBOXBIOS 00000002 INTL 20100528)
Sep  7 12:58:50 cu-cs-vm kernel: [    0.000000] ACPI: FACS 0x000000007FFF0200 000040
Sep  7 12:58:50 cu-cs-vm kernel: [    0.000000] ACPI: FACS 0x000000007FFF0200 000040
Sep  7 12:58:50 cu-cs-vm kernel: [    0.000000] ACPI: APIC 0x000000007FFF0240 00005C (v02 VBOX   VBOXAPIC 00000001 ASL  00000061)
Sep  7 12:58:50 cu-cs-vm kernel: [    0.000000] ACPI: SSDT 0x000000007FFF02A0 0001CC (v01 VBOX   VBOXCPUT 00000002 INTL 20100528)
Sep  7 12:58:50 cu-cs-vm kernel: [    0.000000] ACPI: Local APIC address 0xfee00000
Sep  7 12:58:50 cu-cs-vm kernel: [    0.000000] No NUMA configuration found
Sep  7 12:58:50 cu-cs-vm kernel: [    0.000000] Faking a node at [mem 0x0000000000000000-0x000000007ffeffff]
Sep  7 12:58:50 cu-cs-vm kernel: [    0.000000] NODE_DATA(0) allocated [mem 0x7ffeb000-0x7ffeffff]
Sep  7 12:58:50 cu-cs-vm kernel: [    0.000000] Reserving 128MB of memory at 688MB for crashkernel (System RAM: 2047MB)
Sep  7 12:58:50 cu-cs-vm kernel: [    0.000000] kvm-clock: Using msrs 4b564d01 and 4b564d00
Sep  7 12:58:50 cu-cs-vm kernel: [    0.000000] kvm-clock: cpu 0, msr 0:7ffe7001, primary cpu clock
Sep  7 12:58:50 cu-cs-vm kernel: [    0.000000] kvm-clock: using sched offset of 8564564294 cycles
Sep  7 12:58:50 cu-cs-vm kernel: [    0.000000] clocksource: kvm-clock: mask: 0xffffffffffffffff max_cycles: 0x1cd42e4dffb, max_idle_ns: 881590591483 ns
Sep  7 12:58:50 cu-cs-vm kernel: [    0.000000] Zone ranges:
Sep  7 12:58:50 cu-cs-vm kernel: [    0.000000]   DMA      [mem 0x0000000000001000-0x0000000000ffffff]
Sep  7 12:58:50 cu-cs-vm kernel: [    0.000000]   DMA32    [mem 0x0000000001000000-0x000000007ffeffff]
Sep  7 12:58:50 cu-cs-vm kernel: [    0.000000]   Normal   empty
Sep  7 12:58:50 cu-cs-vm kernel: [    0.000000]   Device   empty
Sep  7 12:58:50 cu-cs-vm kernel: [    0.000000] Movable zone start for each node
Sep  7 12:58:50 cu-cs-vm kernel: [    0.000000] Early memory node ranges
Sep  7 12:58:50 cu-cs-vm kernel: [    0.000000]   node   0: [mem 0x0000000000001000-0x000000000009efff]
Sep  7 12:58:50 cu-cs-vm kernel: [    0.000000]   node   0: [mem 0x0000000000100000-0x000000007ffeffff]
Sep  7 12:58:50 cu-cs-vm kernel: [    0.000000] Initmem setup node 0 [mem 0x0000000000001000-0x000000007ffeffff]
Sep  7 12:58:50 cu-cs-vm kernel: [    0.000000] On node 0 totalpages: 524174
Sep  7 12:58:50 cu-cs-vm kernel: [    0.000000]   DMA zone: 64 pages used for memmap
Sep  7 12:58:50 cu-cs-vm kernel: [    0.000000]   DMA zone: 21 pages reserved
Sep  7 12:58:50 cu-cs-vm kernel: [    0.000000]   DMA zone: 3998 pages, LIFO batch:0
Sep  7 12:58:50 cu-cs-vm kernel: [    0.000000]   DMA32 zone: 8128 pages used for memmap
Sep  7 12:58:50 cu-cs-vm kernel: [    0.000000]   DMA32 zone: 520176 pages, LIFO batch:31
Sep  7 12:58:50 cu-cs-vm kernel: [    0.000000] ACPI: PM-Timer IO Port: 0x4008
Sep  7 12:58:50 cu-cs-vm kernel: [    0.000000] ACPI: Local APIC address 0xfee00000
Sep  7 12:58:50 cu-cs-vm kernel: [    0.000000] IOAPIC[0]: apic_id 2, version 32, address 0xfec00000, GSI 0-23
Sep  7 12:58:50 cu-cs-vm kernel: [    0.000000] ACPI: INT_SRC_OVR (bus 0 bus_irq 0 global_irq 2 dfl dfl)
Sep  7 12:58:50 cu-cs-vm kernel: [    0.000000] ACPI: INT_SRC_OVR (bus 0 bus_irq 9 global_irq 9 high level)
Sep  7 12:58:50 cu-cs-vm kernel: [    0.000000] ACPI: IRQ0 used by override.
Sep  7 12:58:50 cu-cs-vm kernel: [    0.000000] ACPI: IRQ9 used by override.
Sep  7 12:58:50 cu-cs-vm kernel: [    0.000000] Using ACPI (MADT) for SMP configuration information
Sep  7 12:58:50 cu-cs-vm kernel: [    0.000000] smpboot: Allowing 2 CPUs, 0 hotplug CPUs
Sep  7 12:58:50 cu-cs-vm kernel: [    0.000000] PM: Registered nosave memory: [mem 0x00000000-0x00000fff]
Sep  7 12:58:50 cu-cs-vm kernel: [    0.000000] PM: Registered nosave memory: [mem 0x0009f000-0x0009ffff]
Sep  7 12:58:50 cu-cs-vm kernel: [    0.000000] PM: Registered nosave memory: [mem 0x000a0000-0x000effff]
Sep  7 12:58:50 cu-cs-vm kernel: [    0.000000] PM: Registered nosave memory: [mem 0x000f0000-0x000fffff]
Sep  7 12:58:50 cu-cs-vm kernel: [    0.000000] e820: [mem 0x80000000-0xfebfffff] available for PCI devices
Sep  7 12:58:50 cu-cs-vm kernel: [    0.000000] Booting paravirtualized kernel on KVM
Sep  7 12:58:50 cu-cs-vm kernel: [    0.000000] clocksource: refined-jiffies: mask: 0xffffffff max_cycles: 0xffffffff, max_idle_ns: 7645519600211568 ns
Sep  7 12:58:50 cu-cs-vm kernel: [    0.000000] setup_percpu: NR_CPUS:256 nr_cpumask_bits:256 nr_cpu_ids:2 nr_node_ids:1
Sep  7 12:58:50 cu-cs-vm kernel: [    0.000000] PERCPU: Embedded 33 pages/cpu @ffff88007fc00000 s97944 r8192 d29032 u1048576
Sep  7 12:58:50 cu-cs-vm kernel: [    0.000000] pcpu-alloc: s97944 r8192 d29032 u1048576 alloc=1*2097152
Sep  7 12:58:50 cu-cs-vm kernel: [    0.000000] pcpu-alloc: [0] 0 1 
Sep  7 12:58:50 cu-cs-vm kernel: [    0.000000] PV qspinlock hash table entries: 256 (order: 0, 4096 bytes)
Sep  7 12:58:50 cu-cs-vm kernel: [    0.000000] Built 1 zonelists in Node order, mobility grouping on.  Total pages: 515961
Sep  7 12:58:50 cu-cs-vm kernel: [    0.000000] Policy zone: DMA32
Sep  7 12:58:50 cu-cs-vm kernel: [    0.000000] Kernel command line: BOOT_IMAGE=/@/boot/vmlinuz-4.4.16OS_Kernel root=UUID=7edb9fb6-5937-400b-b2d4-95dbf988ef57 ro rootflags=subvol=@ crashkernel=384M-:128M
Sep  7 12:58:50 cu-cs-vm kernel: [    0.000000] PID hash table entries: 4096 (order: 3, 32768 bytes)
Sep  7 12:58:50 cu-cs-vm kernel: [    0.000000] Calgary: detecting Calgary via BIOS EBDA area
Sep  7 12:58:50 cu-cs-vm kernel: [    0.000000] Calgary: Unable to locate Rio Grande table in EBDA - bailing!
Sep  7 12:58:50 cu-cs-vm kernel: [    0.000000] Memory: 1877144K/2096696K available (8209K kernel code, 1269K rwdata, 3792K rodata, 1472K init, 1292K bss, 219552K reserved, 0K cma-reserved)
Sep  7 12:58:50 cu-cs-vm kernel: [    0.000000] SLUB: HWalign=64, Order=0-3, MinObjects=0, CPUs=2, Nodes=1
Sep  7 12:58:50 cu-cs-vm kernel: [    0.000000] Hierarchical RCU implementation.
Sep  7 12:58:50 cu-cs-vm kernel: [    0.000000] 	Build-time adjustment of leaf fanout to 64.
Sep  7 12:58:50 cu-cs-vm kernel: [    0.000000] 	RCU restricting CPUs from NR_CPUS=256 to nr_cpu_ids=2.
Sep  7 12:58:50 cu-cs-vm kernel: [    0.000000] RCU: Adjusting geometry for rcu_fanout_leaf=64, nr_cpu_ids=2
Sep  7 12:58:50 cu-cs-vm kernel: [    0.000000] NR_IRQS:16640 nr_irqs:440 16
Sep  7 12:58:50 cu-cs-vm kernel: [    0.000000] Console: colour VGA+ 80x25
Sep  7 12:58:50 cu-cs-vm kernel: [    0.000000] console [tty0] enabled
Sep  7 12:58:50 cu-cs-vm kernel: [    0.000000] tsc: Detected 1995.379 MHz processor
Sep  7 12:58:50 cu-cs-vm kernel: [    0.075444] Calibrating delay loop (skipped) preset value.. 3990.75 BogoMIPS (lpj=7981516)
Sep  7 12:58:50 cu-cs-vm kernel: [    0.076161] pid_max: default: 32768 minimum: 301
Sep  7 12:58:50 cu-cs-vm kernel: [    0.076527] ACPI: Core revision 20150930
Sep  7 12:58:50 cu-cs-vm kernel: [    0.077842] ACPI: 2 ACPI AML tables successfully acquired and loaded
Sep  7 12:58:50 cu-cs-vm kernel: [    0.078376] Security Framework initialized
Sep  7 12:58:50 cu-cs-vm kernel: [    0.078743] Yama: becoming mindful.
Sep  7 12:58:50 cu-cs-vm kernel: [    0.079129] AppArmor: AppArmor initialized
Sep  7 12:58:50 cu-cs-vm kernel: [    0.080863] Dentry cache hash table entries: 262144 (order: 9, 2097152 bytes)
Sep  7 12:58:50 cu-cs-vm kernel: [    0.081642] Inode-cache hash table entries: 131072 (order: 8, 1048576 bytes)
Sep  7 12:58:50 cu-cs-vm kernel: [    0.082216] Mount-cache hash table entries: 4096 (order: 3, 32768 bytes)
Sep  7 12:58:50 cu-cs-vm kernel: [    0.082642] Mountpoint-cache hash table entries: 4096 (order: 3, 32768 bytes)
Sep  7 12:58:50 cu-cs-vm kernel: [    0.084567] Initializing cgroup subsys io
Sep  7 12:58:50 cu-cs-vm kernel: [    0.084926] Initializing cgroup subsys memory
Sep  7 12:58:50 cu-cs-vm kernel: [    0.085300] Initializing cgroup subsys devices
Sep  7 12:58:50 cu-cs-vm kernel: [    0.085674] Initializing cgroup subsys freezer
Sep  7 12:58:50 cu-cs-vm kernel: [    0.086035] Initializing cgroup subsys net_cls
Sep  7 12:58:50 cu-cs-vm kernel: [    0.086426] Initializing cgroup subsys perf_event
Sep  7 12:58:50 cu-cs-vm kernel: [    0.086797] Initializing cgroup subsys net_prio
Sep  7 12:58:50 cu-cs-vm kernel: [    0.087269] Initializing cgroup subsys hugetlb
Sep  7 12:58:50 cu-cs-vm kernel: [    0.087714] Initializing cgroup subsys pids
Sep  7 12:58:50 cu-cs-vm kernel: [    0.088245] CPU: Physical Processor ID: 0
Sep  7 12:58:50 cu-cs-vm kernel: [    0.088596] CPU: Processor Core ID: 0
Sep  7 12:58:50 cu-cs-vm kernel: [    0.089864] mce: CPU supports 0 MCE banks
Sep  7 12:58:50 cu-cs-vm kernel: [    0.090246] Last level iTLB entries: 4KB 1024, 2MB 1024, 4MB 1024
Sep  7 12:58:50 cu-cs-vm kernel: [    0.090654] Last level dTLB entries: 4KB 1024, 2MB 1024, 4MB 1024, 1GB 4
Sep  7 12:58:50 cu-cs-vm kernel: [    0.093024] Freeing SMP alternatives memory: 28K (ffffffff820af000 - ffffffff820b6000)
Sep  7 12:58:50 cu-cs-vm kernel: [    0.101862] ftrace: allocating 31243 entries in 123 pages
Sep  7 12:58:50 cu-cs-vm kernel: [    0.140652] smpboot: Max logical packages: 1
Sep  7 12:58:50 cu-cs-vm kernel: [    0.141021] smpboot: APIC(0) Converting physical 0 to logical package 0
Sep  7 12:58:50 cu-cs-vm kernel: [    0.142475] ..TIMER: vector=0x30 apic1=0 pin1=2 apic2=-1 pin2=-1
Sep  7 12:58:50 cu-cs-vm kernel: [    0.247322] smpboot: CPU0: Intel(R) Core(TM) i7-4510U CPU @ 2.00GHz (family: 0x6, model: 0x45, stepping: 0x1)
Sep  7 12:58:50 cu-cs-vm kernel: [    0.248252] Performance Events: unsupported p6 CPU model 69 no PMU driver, software events only.
Sep  7 12:58:50 cu-cs-vm kernel: [    0.249047] KVM setup paravirtual spinlock
Sep  7 12:58:50 cu-cs-vm kernel: [    0.250082] x86: Booting SMP configuration:
Sep  7 12:58:50 cu-cs-vm kernel: [    0.250467] .... node  #0, CPUs:      #1
Sep  7 12:58:50 cu-cs-vm kernel: [    0.250960] kvm-clock: cpu 1, msr 0:7ffe7041, secondary cpu clock
Sep  7 12:58:50 cu-cs-vm kernel: [    0.252007] mce: CPU supports 0 MCE banks
Sep  7 12:58:50 cu-cs-vm kernel: [    0.254083] x86: Booted up 1 node, 2 CPUs
Sep  7 12:58:50 cu-cs-vm kernel: [    0.255473] smpboot: Total of 2 processors activated (7981.51 BogoMIPS)
Sep  7 12:58:50 cu-cs-vm kernel: [    0.256390] devtmpfs: initialized
Sep  7 12:58:50 cu-cs-vm kernel: [    0.258217] evm: security.selinux
Sep  7 12:58:50 cu-cs-vm kernel: [    0.258532] evm: security.SMACK64
Sep  7 12:58:50 cu-cs-vm kernel: [    0.258850] evm: security.SMACK64EXEC
Sep  7 12:58:50 cu-cs-vm kernel: [    0.259154] evm: security.SMACK64TRANSMUTE
Sep  7 12:58:50 cu-cs-vm kernel: [    0.259505] evm: security.SMACK64MMAP
Sep  7 12:58:50 cu-cs-vm kernel: [    0.259835] evm: security.ima
Sep  7 12:58:50 cu-cs-vm kernel: [    0.260144] evm: security.capability
Sep  7 12:58:50 cu-cs-vm kernel: [    0.260785] clocksource: jiffies: mask: 0xffffffff max_cycles: 0xffffffff, max_idle_ns: 7645041785100000 ns
Sep  7 12:58:50 cu-cs-vm kernel: [    0.261708] pinctrl core: initialized pinctrl subsystem
Sep  7 12:58:50 cu-cs-vm kernel: [    0.262167] RTC time: 18:58:46, date: 09/07/16
Sep  7 12:58:50 cu-cs-vm kernel: [    0.262595] NET: Registered protocol family 16
Sep  7 12:58:50 cu-cs-vm kernel: [    0.272167] cpuidle: using governor ladder
Sep  7 12:58:50 cu-cs-vm kernel: [    0.286794] cpuidle: using governor menu
Sep  7 12:58:50 cu-cs-vm kernel: [    0.287302] PCCT header not found.
Sep  7 12:58:50 cu-cs-vm kernel: [    0.287875] ACPI: bus type PCI registered
Sep  7 12:58:50 cu-cs-vm kernel: [    0.288217] acpiphp: ACPI Hot Plug PCI Controller Driver version: 0.5
Sep  7 12:58:50 cu-cs-vm kernel: [    0.288768] PCI: Using configuration type 1 for base access
Sep  7 12:58:50 cu-cs-vm kernel: [    0.303686] ACPI: Added _OSI(Module Device)
Sep  7 12:58:50 cu-cs-vm kernel: [    0.304161] ACPI: Added _OSI(Processor Device)
Sep  7 12:58:50 cu-cs-vm kernel: [    0.304584] ACPI: Added _OSI(3.0 _SCP Extensions)
Sep  7 12:58:50 cu-cs-vm kernel: [    0.305367] ACPI: Added _OSI(Processor Aggregator Device)
Sep  7 12:58:50 cu-cs-vm kernel: [    0.306549] ACPI: Executed 1 blocks of module-level executable AML code
Sep  7 12:58:50 cu-cs-vm kernel: [    0.310031] ACPI: Interpreter enabled
Sep  7 12:58:50 cu-cs-vm kernel: [    0.310346] ACPI Exception: AE_NOT_FOUND, While evaluating Sleep State [\_S1_] (20150930/hwxface-580)
Sep  7 12:58:50 cu-cs-vm kernel: [    0.311063] ACPI Exception: AE_NOT_FOUND, While evaluating Sleep State [\_S2_] (20150930/hwxface-580)
Sep  7 12:58:50 cu-cs-vm kernel: [    0.311800] ACPI Exception: AE_NOT_FOUND, While evaluating Sleep State [\_S3_] (20150930/hwxface-580)
Sep  7 12:58:50 cu-cs-vm kernel: [    0.312529] ACPI Exception: AE_NOT_FOUND, While evaluating Sleep State [\_S4_] (20150930/hwxface-580)
Sep  7 12:58:50 cu-cs-vm kernel: [    0.313243] ACPI: (supports S0 S5)
Sep  7 12:58:50 cu-cs-vm kernel: [    0.313542] ACPI: Using IOAPIC for interrupt routing
Sep  7 12:58:50 cu-cs-vm kernel: [    0.314018] PCI: Using host bridge windows from ACPI; if necessary, use "pci=nocrs" and report a bug
Sep  7 12:58:50 cu-cs-vm kernel: [    0.317860] ACPI: PCI Root Bridge [PCI0] (domain 0000 [bus 00-ff])
Sep  7 12:58:50 cu-cs-vm kernel: [    0.318250] acpi PNP0A03:00: _OSC: OS supports [ASPM ClockPM Segments MSI]
Sep  7 12:58:50 cu-cs-vm kernel: [    0.318667] acpi PNP0A03:00: _OSC failed (AE_NOT_FOUND); disabling ASPM
Sep  7 12:58:50 cu-cs-vm kernel: [    0.319050] acpi PNP0A03:00: fail to add MMCONFIG information, can't access extended PCI configuration space under this bridge.
Sep  7 12:58:50 cu-cs-vm kernel: [    0.320121] PCI host bridge to bus 0000:00
Sep  7 12:58:50 cu-cs-vm kernel: [    0.320462] pci_bus 0000:00: root bus resource [io  0x0000-0x0cf7 window]
Sep  7 12:58:50 cu-cs-vm kernel: [    0.320951] pci_bus 0000:00: root bus resource [io  0x0d00-0xffff window]
Sep  7 12:58:50 cu-cs-vm kernel: [    0.321333] pci_bus 0000:00: root bus resource [mem 0x000a0000-0x000bffff window]
Sep  7 12:58:50 cu-cs-vm kernel: [    0.321917] pci_bus 0000:00: root bus resource [mem 0x80000000-0xffdfffff window]
Sep  7 12:58:50 cu-cs-vm kernel: [    0.332096] pci_bus 0000:00: root bus resource [bus 00-ff]
Sep  7 12:58:50 cu-cs-vm kernel: [    0.332518] pci 0000:00:00.0: [8086:1237] type 00 class 0x060000
Sep  7 12:58:50 cu-cs-vm kernel: [    0.332992] pci 0000:00:01.0: [8086:7000] type 00 class 0x060100
Sep  7 12:58:50 cu-cs-vm kernel: [    0.333623] pci 0000:00:02.0: [80ee:beef] type 00 class 0x030000
Sep  7 12:58:50 cu-cs-vm kernel: [    0.336545] pci 0000:00:02.0: reg 0x10: [mem 0xe0000000-0xe3ffffff pref]
Sep  7 12:58:50 cu-cs-vm kernel: [    0.352800] pci 0000:00:03.0: [8086:100e] type 00 class 0x020000
Sep  7 12:58:50 cu-cs-vm kernel: [    0.354307] pci 0000:00:03.0: reg 0x10: [mem 0xf0000000-0xf001ffff]
Sep  7 12:58:50 cu-cs-vm kernel: [    0.356904] pci 0000:00:03.0: reg 0x18: [io  0xd000-0xd007]
Sep  7 12:58:50 cu-cs-vm kernel: [    0.362093] pci 0000:00:04.0: [80ee:cafe] type 00 class 0x088000
Sep  7 12:58:50 cu-cs-vm kernel: [    0.363507] pci 0000:00:04.0: reg 0x10: [io  0xd020-0xd03f]
Sep  7 12:58:50 cu-cs-vm kernel: [    0.364733] pci 0000:00:04.0: reg 0x14: [mem 0xf0400000-0xf07fffff]
Sep  7 12:58:50 cu-cs-vm kernel: [    0.365827] pci 0000:00:04.0: reg 0x18: [mem 0xf0800000-0xf0803fff pref]
Sep  7 12:58:50 cu-cs-vm kernel: [    0.370406] pci 0000:00:05.0: [8086:2415] type 00 class 0x040100
Sep  7 12:58:50 cu-cs-vm kernel: [    0.370558] pci 0000:00:05.0: reg 0x10: [io  0xd100-0xd1ff]
Sep  7 12:58:50 cu-cs-vm kernel: [    0.370637] pci 0000:00:05.0: reg 0x14: [io  0xd200-0xd23f]
Sep  7 12:58:50 cu-cs-vm kernel: [    0.371390] pci 0000:00:06.0: [106b:003f] type 00 class 0x0c0310
Sep  7 12:58:50 cu-cs-vm kernel: [    0.372621] pci 0000:00:06.0: reg 0x10: [mem 0xf0804000-0xf0804fff]
Sep  7 12:58:50 cu-cs-vm kernel: [    0.380420] pci 0000:00:07.0: [8086:7113] type 00 class 0x068000
Sep  7 12:58:50 cu-cs-vm kernel: [    0.380992] pci 0000:00:07.0: quirk: [io  0x4000-0x403f] claimed by PIIX4 ACPI
Sep  7 12:58:50 cu-cs-vm kernel: [    0.381740] pci 0000:00:07.0: quirk: [io  0x4100-0x410f] claimed by PIIX4 SMB
Sep  7 12:58:50 cu-cs-vm kernel: [    0.382499] pci 0000:00:0d.0: [8086:2829] type 00 class 0x010601
Sep  7 12:58:50 cu-cs-vm kernel: [    0.383804] pci 0000:00:0d.0: reg 0x10: [io  0xd240-0xd247]
Sep  7 12:58:50 cu-cs-vm kernel: [    0.386421] pci 0000:00:0d.0: reg 0x18: [io  0xd250-0xd257]
Sep  7 12:58:50 cu-cs-vm kernel: [    0.389048] pci 0000:00:0d.0: reg 0x20: [io  0xd260-0xd26f]
Sep  7 12:58:50 cu-cs-vm kernel: [    0.390221] pci 0000:00:0d.0: reg 0x24: [mem 0xf0806000-0xf0807fff]
Sep  7 12:58:50 cu-cs-vm kernel: [    0.392927] ACPI: PCI Interrupt Link [LNKA] (IRQs 5 9 10 *11)
Sep  7 12:58:50 cu-cs-vm kernel: [    0.393740] ACPI: PCI Interrupt Link [LNKB] (IRQs 5 9 10 *11)
Sep  7 12:58:50 cu-cs-vm kernel: [    0.394460] ACPI: PCI Interrupt Link [LNKC] (IRQs 5 9 *10 11)
Sep  7 12:58:50 cu-cs-vm kernel: [    0.395142] ACPI: PCI Interrupt Link [LNKD] (IRQs 5 *9 10 11)
Sep  7 12:58:50 cu-cs-vm kernel: [    0.396077] ACPI: Enabled 2 GPEs in block 00 to 07
Sep  7 12:58:50 cu-cs-vm kernel: [    0.396824] vgaarb: setting as boot device: PCI:0000:00:02.0
Sep  7 12:58:50 cu-cs-vm kernel: [    0.397184] vgaarb: device added: PCI:0000:00:02.0,decodes=io+mem,owns=io+mem,locks=none
Sep  7 12:58:50 cu-cs-vm kernel: [    0.397778] vgaarb: loaded
Sep  7 12:58:50 cu-cs-vm kernel: [    0.398058] vgaarb: bridge control possible 0000:00:02.0
Sep  7 12:58:50 cu-cs-vm kernel: [    0.398660] SCSI subsystem initialized
Sep  7 12:58:50 cu-cs-vm kernel: [    0.399166] libata version 3.00 loaded.
Sep  7 12:58:50 cu-cs-vm kernel: [    0.399201] ACPI: bus type USB registered
Sep  7 12:58:50 cu-cs-vm kernel: [    0.399701] usbcore: registered new interface driver usbfs
Sep  7 12:58:50 cu-cs-vm kernel: [    0.400152] usbcore: registered new interface driver hub
Sep  7 12:58:50 cu-cs-vm kernel: [    0.400563] usbcore: registered new device driver usb
Sep  7 12:58:50 cu-cs-vm kernel: [    0.401392] PCI: Using ACPI for IRQ routing
Sep  7 12:58:50 cu-cs-vm kernel: [    0.401725] PCI: pci_cache_line_size set to 64 bytes
Sep  7 12:58:50 cu-cs-vm kernel: [    0.401892] e820: reserve RAM buffer [mem 0x0009fc00-0x0009ffff]
Sep  7 12:58:50 cu-cs-vm kernel: [    0.401898] e820: reserve RAM buffer [mem 0x7fff0000-0x7fffffff]
Sep  7 12:58:50 cu-cs-vm kernel: [    0.402017] NetLabel: Initializing
Sep  7 12:58:50 cu-cs-vm kernel: [    0.402322] NetLabel:  domain hash size = 128
Sep  7 12:58:50 cu-cs-vm kernel: [    0.402643] NetLabel:  protocols = UNLABELED CIPSOv4
Sep  7 12:58:50 cu-cs-vm kernel: [    0.402990] NetLabel:  unlabeled traffic allowed by default
Sep  7 12:58:50 cu-cs-vm kernel: [    0.403657] amd_nb: Cannot enumerate AMD northbridges
Sep  7 12:58:50 cu-cs-vm kernel: [    0.404150] clocksource: Switched to clocksource kvm-clock
Sep  7 12:58:50 cu-cs-vm kernel: [    0.413120] AppArmor: AppArmor Filesystem Enabled
Sep  7 12:58:50 cu-cs-vm kernel: [    0.413517] pnp: PnP ACPI init
Sep  7 12:58:50 cu-cs-vm kernel: [    0.413866] pnp 00:00: Plug and Play ACPI device, IDs PNP0303 (active)
Sep  7 12:58:50 cu-cs-vm kernel: [    0.413928] pnp 00:01: Plug and Play ACPI device, IDs PNP0f03 (active)
Sep  7 12:58:50 cu-cs-vm kernel: [    0.414432] pnp: PnP ACPI: found 2 devices
Sep  7 12:58:50 cu-cs-vm kernel: [    0.429678] clocksource: acpi_pm: mask: 0xffffff max_cycles: 0xffffff, max_idle_ns: 2085701024 ns
Sep  7 12:58:50 cu-cs-vm kernel: [    0.430308] pci_bus 0000:00: resource 4 [io  0x0000-0x0cf7 window]
Sep  7 12:58:50 cu-cs-vm kernel: [    0.430310] pci_bus 0000:00: resource 5 [io  0x0d00-0xffff window]
Sep  7 12:58:50 cu-cs-vm kernel: [    0.430312] pci_bus 0000:00: resource 6 [mem 0x000a0000-0x000bffff window]
Sep  7 12:58:50 cu-cs-vm kernel: [    0.430313] pci_bus 0000:00: resource 7 [mem 0x80000000-0xffdfffff window]
Sep  7 12:58:50 cu-cs-vm kernel: [    0.430343] NET: Registered protocol family 2
Sep  7 12:58:50 cu-cs-vm kernel: [    0.430832] TCP established hash table entries: 16384 (order: 5, 131072 bytes)
Sep  7 12:58:50 cu-cs-vm kernel: [    0.431476] TCP bind hash table entries: 16384 (order: 6, 262144 bytes)
Sep  7 12:58:50 cu-cs-vm kernel: [    0.431950] TCP: Hash tables configured (established 16384 bind 16384)
Sep  7 12:58:50 cu-cs-vm kernel: [    0.432395] UDP hash table entries: 1024 (order: 3, 32768 bytes)
Sep  7 12:58:50 cu-cs-vm kernel: [    0.432790] UDP-Lite hash table entries: 1024 (order: 3, 32768 bytes)
Sep  7 12:58:50 cu-cs-vm kernel: [    0.433198] NET: Registered protocol family 1
Sep  7 12:58:50 cu-cs-vm kernel: [    0.433568] pci 0000:00:00.0: Limiting direct PCI/PCI transfers
Sep  7 12:58:50 cu-cs-vm kernel: [    0.433951] pci 0000:00:01.0: Activating ISA DMA hang workarounds
Sep  7 12:58:50 cu-cs-vm kernel: [    0.434335] pci 0000:00:02.0: Video device with shadowed ROM
Sep  7 12:58:50 cu-cs-vm kernel: [    0.435341] PCI: CLS 0 bytes, default 64
Sep  7 12:58:50 cu-cs-vm kernel: [    0.435397] Trying to unpack rootfs image as initramfs...
Sep  7 12:58:50 cu-cs-vm kernel: [    0.954205] Freeing initrd memory: 36636K (ffff880033862000 - ffff880035c29000)
Sep  7 12:58:50 cu-cs-vm kernel: [    0.954882] RAPL PMU detected, API unit is 2^-32 Joules, 4 fixed counters 10737418240 ms ovfl timer
Sep  7 12:58:50 cu-cs-vm kernel: [    0.955562] hw unit of domain pp0-core 2^-0 Joules
Sep  7 12:58:50 cu-cs-vm kernel: [    0.956009] hw unit of domain package 2^-0 Joules
Sep  7 12:58:50 cu-cs-vm kernel: [    0.956360] hw unit of domain dram 2^-0 Joules
Sep  7 12:58:50 cu-cs-vm kernel: [    0.956763] hw unit of domain pp1-gpu 2^-0 Joules
Sep  7 12:58:50 cu-cs-vm kernel: [    0.957152] platform rtc_cmos: registered platform RTC device (no PNP device found)
Sep  7 12:58:50 cu-cs-vm kernel: [    0.957801] Scanning for low memory corruption every 60 seconds
Sep  7 12:58:50 cu-cs-vm kernel: [    0.958706] futex hash table entries: 512 (order: 3, 32768 bytes)
Sep  7 12:58:50 cu-cs-vm kernel: [    0.959100] audit: initializing netlink subsys (disabled)
Sep  7 12:58:50 cu-cs-vm kernel: [    0.959464] audit: type=2000 audit(1473274737.662:1): initialized
Sep  7 12:58:50 cu-cs-vm kernel: [    0.960131] Initialise system trusted keyring
Sep  7 12:58:50 cu-cs-vm kernel: [    0.960802] HugeTLB registered 2 MB page size, pre-allocated 0 pages
Sep  7 12:58:50 cu-cs-vm kernel: [    0.962414] zbud: loaded
Sep  7 12:58:50 cu-cs-vm kernel: [    0.963035] VFS: Disk quotas dquot_6.6.0
Sep  7 12:58:50 cu-cs-vm kernel: [    0.963380] VFS: Dquot-cache hash table entries: 512 (order 0, 4096 bytes)
Sep  7 12:58:50 cu-cs-vm kernel: [    0.964085] squashfs: version 4.0 (2009/01/31) Phillip Lougher
Sep  7 12:58:50 cu-cs-vm kernel: [    0.964808] fuse init (API version 7.23)
Sep  7 12:58:50 cu-cs-vm kernel: [    0.965241] Key type big_key registered
Sep  7 12:58:50 cu-cs-vm kernel: [    0.965576] Allocating IMA MOK and blacklist keyrings.
Sep  7 12:58:50 cu-cs-vm kernel: [    0.968030] Key type asymmetric registered
Sep  7 12:58:50 cu-cs-vm kernel: [    0.968402] Asymmetric key parser 'x509' registered
Sep  7 12:58:50 cu-cs-vm kernel: [    0.968786] Block layer SCSI generic (bsg) driver version 0.4 loaded (major 249)
Sep  7 12:58:50 cu-cs-vm kernel: [    0.969505] io scheduler noop registered
Sep  7 12:58:50 cu-cs-vm kernel: [    0.969832] io scheduler deadline registered (default)
Sep  7 12:58:50 cu-cs-vm kernel: [    0.970209] io scheduler cfq registered
Sep  7 12:58:50 cu-cs-vm kernel: [    0.970604] pci_hotplug: PCI Hot Plug PCI Core version: 0.5
Sep  7 12:58:50 cu-cs-vm kernel: [    0.970965] pciehp: PCI Express Hot Plug Controller Driver version: 0.4
Sep  7 12:58:50 cu-cs-vm kernel: [    0.971486] intel_idle: does not run on family 6 model 69
Sep  7 12:58:50 cu-cs-vm kernel: [    0.971604] ACPI: AC Adapter [AC] (on-line)
Sep  7 12:58:50 cu-cs-vm kernel: [    0.972020] input: Power Button as /devices/LNXSYSTM:00/LNXPWRBN:00/input/input0
Sep  7 12:58:50 cu-cs-vm kernel: [    0.972612] ACPI: Power Button [PWRF]
Sep  7 12:58:50 cu-cs-vm kernel: [    0.973052] input: Sleep Button as /devices/LNXSYSTM:00/LNXSLPBN:00/input/input1
Sep  7 12:58:50 cu-cs-vm kernel: [    0.973634] ACPI: Sleep Button [SLPF]
Sep  7 12:58:50 cu-cs-vm kernel: [    0.974197] GHES: HEST is not enabled!
Sep  7 12:58:50 cu-cs-vm kernel: [    0.975169] ACPI: Battery Slot [BAT0] (battery present)
Sep  7 12:58:50 cu-cs-vm kernel: [    0.975562] Serial: 8250/16550 driver, 32 ports, IRQ sharing enabled
Sep  7 12:58:50 cu-cs-vm kernel: [    0.976919] Linux agpgart interface v0.103
Sep  7 12:58:50 cu-cs-vm kernel: [    0.981846] brd: module loaded
Sep  7 12:58:50 cu-cs-vm kernel: [    0.984085] loop: module loaded
Sep  7 12:58:50 cu-cs-vm kernel: [    0.984654] libphy: Fixed MDIO Bus: probed
Sep  7 12:58:50 cu-cs-vm kernel: [    0.985009] tun: Universal TUN/TAP device driver, 1.6
Sep  7 12:58:50 cu-cs-vm kernel: [    0.985360] tun: (C) 1999-2004 Max Krasnyansky <maxk@qualcomm.com>
Sep  7 12:58:50 cu-cs-vm kernel: [    0.985761] PPP generic driver version 2.4.2
Sep  7 12:58:50 cu-cs-vm kernel: [    0.986123] ehci_hcd: USB 2.0 'Enhanced' Host Controller (EHCI) Driver
Sep  7 12:58:50 cu-cs-vm kernel: [    0.986505] ehci-pci: EHCI PCI platform driver
Sep  7 12:58:50 cu-cs-vm kernel: [    0.986909] ehci-platform: EHCI generic platform driver
Sep  7 12:58:50 cu-cs-vm kernel: [    0.987262] ohci_hcd: USB 1.1 'Open' Host Controller (OHCI) Driver
Sep  7 12:58:50 cu-cs-vm kernel: [    0.987636] ohci-pci: OHCI PCI platform driver
Sep  7 12:58:50 cu-cs-vm kernel: [    0.989105] ohci-pci 0000:00:06.0: OHCI PCI host controller
Sep  7 12:58:50 cu-cs-vm kernel: [    0.989533] ohci-pci 0000:00:06.0: new USB bus registered, assigned bus number 1
Sep  7 12:58:50 cu-cs-vm kernel: [    0.990245] ohci-pci 0000:00:06.0: irq 22, io mem 0xf0804000
Sep  7 12:58:50 cu-cs-vm kernel: [    1.045413] usb usb1: New USB device found, idVendor=1d6b, idProduct=0001
Sep  7 12:58:50 cu-cs-vm kernel: [    1.046020] usb usb1: New USB device strings: Mfr=3, Product=2, SerialNumber=1
Sep  7 12:58:50 cu-cs-vm kernel: [    1.046766] usb usb1: Product: OHCI PCI host controller
Sep  7 12:58:50 cu-cs-vm kernel: [    1.047111] usb usb1: Manufacturer: Linux 4.4.16OS_Kernel ohci_hcd
Sep  7 12:58:50 cu-cs-vm kernel: [    1.047481] usb usb1: SerialNumber: 0000:00:06.0
Sep  7 12:58:50 cu-cs-vm kernel: [    1.047918] hub 1-0:1.0: USB hub found
Sep  7 12:58:50 cu-cs-vm kernel: [    1.048237] hub 1-0:1.0: 12 ports detected
Sep  7 12:58:50 cu-cs-vm kernel: [    1.049342] ohci-platform: OHCI generic platform driver
Sep  7 12:58:50 cu-cs-vm kernel: [    1.049743] uhci_hcd: USB Universal Host Controller Interface driver
Sep  7 12:58:50 cu-cs-vm kernel: [    1.050249] i8042: PNP: PS/2 Controller [PNP0303:PS2K,PNP0f03:PS2M] at 0x60,0x64 irq 1,12
Sep  7 12:58:50 cu-cs-vm kernel: [    1.051331] serio: i8042 KBD port at 0x60,0x64 irq 1
Sep  7 12:58:50 cu-cs-vm kernel: [    1.051676] serio: i8042 AUX port at 0x60,0x64 irq 12
Sep  7 12:58:50 cu-cs-vm kernel: [    1.052120] mousedev: PS/2 mouse device common for all mice
Sep  7 12:58:50 cu-cs-vm kernel: [    1.052804] input: AT Translated Set 2 keyboard as /devices/platform/i8042/serio0/input/input2
Sep  7 12:58:50 cu-cs-vm kernel: [    1.053748] rtc_cmos rtc_cmos: rtc core: registered rtc_cmos as rtc0
Sep  7 12:58:50 cu-cs-vm kernel: [    1.054199] rtc_cmos rtc_cmos: alarms up to one day, 114 bytes nvram
Sep  7 12:58:50 cu-cs-vm kernel: [    1.054640] i2c /dev entries driver
Sep  7 12:58:50 cu-cs-vm kernel: [    1.055082] device-mapper: uevent: version 1.0.3
Sep  7 12:58:50 cu-cs-vm kernel: [    1.055527] device-mapper: ioctl: 4.34.0-ioctl (2015-10-28) initialised: dm-devel@redhat.com
Sep  7 12:58:50 cu-cs-vm kernel: [    1.056165] ledtrig-cpu: registered to indicate activity on CPUs
Sep  7 12:58:50 cu-cs-vm kernel: [    1.057358] NET: Registered protocol family 10
Sep  7 12:58:50 cu-cs-vm kernel: [    1.058006] NET: Registered protocol family 17
Sep  7 12:58:50 cu-cs-vm kernel: [    1.058391] Key type dns_resolver registered
Sep  7 12:58:50 cu-cs-vm kernel: [    1.058942] microcode: CPU0 sig=0x40651, pf=0x40, revision=0x0
Sep  7 12:58:50 cu-cs-vm kernel: [    1.059357] microcode: CPU1 sig=0x40651, pf=0x40, revision=0x0
Sep  7 12:58:50 cu-cs-vm kernel: [    1.059786] microcode: Microcode Update Driver: v2.01 <tigran@aivazian.fsnet.co.uk>, Peter Oruba
Sep  7 12:58:50 cu-cs-vm kernel: [    1.060656] registered taskstats version 1
Sep  7 12:58:50 cu-cs-vm kernel: [    1.060985] Loading compiled-in X.509 certificates
Sep  7 12:58:50 cu-cs-vm kernel: [    1.061970] Loaded X.509 cert 'Build time autogenerated kernel key: 5e0cfc55831e1475f47b0972ae0b7923b2c4f29f'
Sep  7 12:58:50 cu-cs-vm kernel: [    1.062673] zswap: loaded using pool lzo/zbud
Sep  7 12:58:50 cu-cs-vm kernel: [    1.065127] Key type trusted registered
Sep  7 12:58:50 cu-cs-vm kernel: [    1.069756] Key type encrypted registered
Sep  7 12:58:50 cu-cs-vm kernel: [    1.070146] AppArmor: AppArmor sha1 policy hashing enabled
Sep  7 12:58:50 cu-cs-vm kernel: [    1.070503] ima: No TPM chip found, activating TPM-bypass!
Sep  7 12:58:50 cu-cs-vm kernel: [    1.070895] evm: HMAC attrs: 0x1
Sep  7 12:58:50 cu-cs-vm kernel: [    1.071785]   Magic number: 0:895:998
Sep  7 12:58:50 cu-cs-vm kernel: [    1.072209] i8042 kbd 00:00: hash matches
Sep  7 12:58:50 cu-cs-vm kernel: [    1.072662] rtc_cmos rtc_cmos: setting system clock to 2016-09-07 18:58:47 UTC (1473274727)
Sep  7 12:58:50 cu-cs-vm kernel: [    1.073525] BIOS EDD facility v0.16 2004-Jun-25, 0 devices found
Sep  7 12:58:50 cu-cs-vm kernel: [    1.073904] EDD information not available.
Sep  7 12:58:50 cu-cs-vm kernel: [    1.074290] PM: Hibernation image not present or could not be loaded.
Sep  7 12:58:50 cu-cs-vm kernel: [    1.075374] Freeing unused kernel memory: 1472K (ffffffff81f3f000 - ffffffff820af000)
Sep  7 12:58:50 cu-cs-vm kernel: [    1.076091] Write protecting the kernel read-only data: 14336k
Sep  7 12:58:50 cu-cs-vm kernel: [    1.077184] Freeing unused kernel memory: 2020K (ffff880001807000 - ffff880001a00000)
Sep  7 12:58:50 cu-cs-vm kernel: [    1.078460] Freeing unused kernel memory: 304K (ffff880001db4000 - ffff880001e00000)
Sep  7 12:58:50 cu-cs-vm kernel: [    1.093401] random: systemd-udevd urandom read with 2 bits of entropy available
Sep  7 12:58:50 cu-cs-vm kernel: [    1.128488] ahci 0000:00:0d.0: version 3.0
Sep  7 12:58:50 cu-cs-vm kernel: [    1.129015] ahci 0000:00:0d.0: SSS flag set, parallel bus scan disabled
Sep  7 12:58:50 cu-cs-vm kernel: [    1.129601] ahci 0000:00:0d.0: AHCI 0001.0100 32 slots 2 ports 3 Gbps 0x3 impl SATA mode
Sep  7 12:58:50 cu-cs-vm kernel: [    1.130264] ahci 0000:00:0d.0: flags: 64bit ncq stag only ccc 
Sep  7 12:58:50 cu-cs-vm kernel: [    1.134056] scsi host0: ahci
Sep  7 12:58:50 cu-cs-vm kernel: [    1.139332] scsi host1: ahci
Sep  7 12:58:50 cu-cs-vm kernel: [    1.139732] ata1: SATA max UDMA/133 abar m8192@0xf0806000 port 0xf0806100 irq 21
Sep  7 12:58:50 cu-cs-vm kernel: [    1.140376] ata2: SATA max UDMA/133 abar m8192@0xf0806000 port 0xf0806180 irq 21
Sep  7 12:58:50 cu-cs-vm kernel: [    1.145815] e1000: Intel(R) PRO/1000 Network Driver - version 7.3.21-k8-NAPI
Sep  7 12:58:50 cu-cs-vm kernel: [    1.146257] e1000: Copyright (c) 1999-2006 Intel Corporation.
Sep  7 12:58:50 cu-cs-vm kernel: [    1.161245] FUJITSU Extended Socket Network Device Driver - version 1.0 - Copyright (c) 2015 FUJITSU LIMITED
Sep  7 12:58:50 cu-cs-vm kernel: [    1.437649] input: ImExPS/2 Generic Explorer Mouse as /devices/platform/i8042/serio1/input/input4
Sep  7 12:58:50 cu-cs-vm kernel: [    1.456980] usb 1-1: new full-speed USB device number 2 using ohci-pci
Sep  7 12:58:50 cu-cs-vm kernel: [    1.461937] ata1: SATA link up 3.0 Gbps (SStatus 123 SControl 300)
Sep  7 12:58:50 cu-cs-vm kernel: [    1.462448] ata1.00: ATA-8: VBOX HARDDISK, 1.0, max UDMA/133
Sep  7 12:58:50 cu-cs-vm kernel: [    1.462846] ata1.00: 134217728 sectors, multi 128: LBA48 NCQ (depth 31/32)
Sep  7 12:58:50 cu-cs-vm kernel: [    1.468342] ata1.00: configured for UDMA/133
Sep  7 12:58:50 cu-cs-vm kernel: [    1.468883] scsi 0:0:0:0: Direct-Access     ATA      VBOX HARDDISK    1.0  PQ: 0 ANSI: 5
Sep  7 12:58:50 cu-cs-vm kernel: [    1.482356] sd 0:0:0:0: [sda] 134217728 512-byte logical blocks: (68.7 GB/64.0 GiB)
Sep  7 12:58:50 cu-cs-vm kernel: [    1.483140] sd 0:0:0:0: [sda] Write Protect is off
Sep  7 12:58:50 cu-cs-vm kernel: [    1.483725] sd 0:0:0:0: [sda] Mode Sense: 00 3a 00 00
Sep  7 12:58:50 cu-cs-vm kernel: [    1.483745] sd 0:0:0:0: [sda] Write cache: enabled, read cache: enabled, doesn't support DPO or FUA
Sep  7 12:58:50 cu-cs-vm kernel: [    1.484871] sd 0:0:0:0: Attached scsi generic sg0 type 0
Sep  7 12:58:50 cu-cs-vm kernel: [    1.486527]  sda: sda1
Sep  7 12:58:50 cu-cs-vm kernel: [    1.487013] sd 0:0:0:0: [sda] Attached SCSI disk
Sep  7 12:58:50 cu-cs-vm kernel: [    1.592255] e1000 0000:00:03.0 eth0: (PCI:33MHz:32-bit) 08:00:27:1a:f0:ed
Sep  7 12:58:50 cu-cs-vm kernel: [    1.592681] e1000 0000:00:03.0 eth0: Intel(R) PRO/1000 Network Connection
Sep  7 12:58:50 cu-cs-vm kernel: [    1.594959] e1000 0000:00:03.0 enp0s3: renamed from eth0
Sep  7 12:58:50 cu-cs-vm kernel: [    1.739932] usb 1-1: New USB device found, idVendor=80ee, idProduct=0021
Sep  7 12:58:50 cu-cs-vm kernel: [    1.740537] usb 1-1: New USB device strings: Mfr=1, Product=3, SerialNumber=0
Sep  7 12:58:50 cu-cs-vm kernel: [    1.741193] usb 1-1: Product: USB Tablet
Sep  7 12:58:50 cu-cs-vm kernel: [    1.741509] usb 1-1: Manufacturer: VirtualBox
Sep  7 12:58:50 cu-cs-vm kernel: [    1.755220] hidraw: raw HID events driver (C) Jiri Kosina
Sep  7 12:58:50 cu-cs-vm kernel: [    1.770384] usbcore: registered new interface driver usbhid
Sep  7 12:58:50 cu-cs-vm kernel: [    1.770954] usbhid: USB HID core driver
Sep  7 12:58:50 cu-cs-vm kernel: [    1.781073] input: VirtualBox USB Tablet as /devices/pci0000:00/0000:00:06.0/usb1/1-1/1-1:1.0/0003:80EE:0021.0001/input/input5
Sep  7 12:58:50 cu-cs-vm kernel: [    1.782506] hid-generic 0003:80EE:0021.0001: input,hidraw0: USB HID v1.10 Mouse [VirtualBox USB Tablet] on usb-0000:00:06.0-1/input0
Sep  7 12:58:50 cu-cs-vm kernel: [    1.805287] ata2: SATA link up 3.0 Gbps (SStatus 123 SControl 300)
Sep  7 12:58:50 cu-cs-vm kernel: [    1.806300] ata2.00: ATAPI: VBOX CD-ROM, 1.0, max UDMA/133
Sep  7 12:58:50 cu-cs-vm kernel: [    1.806851] ata2.00: applying bridge limits
Sep  7 12:58:50 cu-cs-vm kernel: [    1.807763] ata2.00: configured for UDMA/100
Sep  7 12:58:50 cu-cs-vm kernel: [    1.808935] scsi 1:0:0:0: CD-ROM            VBOX     CD-ROM           1.0  PQ: 0 ANSI: 5
Sep  7 12:58:50 cu-cs-vm kernel: [    1.817441] sr 1:0:0:0: [sr0] scsi3-mmc drive: 32x/32x xa/form2 tray
Sep  7 12:58:50 cu-cs-vm kernel: [    1.818033] cdrom: Uniform CD-ROM driver Revision: 3.20
Sep  7 12:58:50 cu-cs-vm kernel: [    1.818776] sr 1:0:0:0: Attached scsi CD-ROM sr0
Sep  7 12:58:50 cu-cs-vm kernel: [    1.818849] sr 1:0:0:0: Attached scsi generic sg1 type 5
Sep  7 12:58:50 cu-cs-vm kernel: [    1.956890] tsc: Refined TSC clocksource calibration: 1995.227 MHz
Sep  7 12:58:50 cu-cs-vm kernel: [    1.957520] clocksource: tsc: mask: 0xffffffffffffffff max_cycles: 0x39852254f47, max_idle_ns: 881590480664 ns
Sep  7 12:58:50 cu-cs-vm kernel: [    1.989087] raid6: sse2x1   gen()  8951 MB/s
Sep  7 12:58:50 cu-cs-vm kernel: [    2.056522] raid6: sse2x1   xor()  7079 MB/s
Sep  7 12:58:50 cu-cs-vm kernel: [    2.124387] raid6: sse2x2   gen() 11479 MB/s
Sep  7 12:58:50 cu-cs-vm kernel: [    2.192221] raid6: sse2x2   xor()  7708 MB/s
Sep  7 12:58:50 cu-cs-vm kernel: [    2.260285] raid6: sse2x4   gen() 13049 MB/s
Sep  7 12:58:50 cu-cs-vm kernel: [    2.328548] raid6: sse2x4   xor()  9270 MB/s
Sep  7 12:58:50 cu-cs-vm kernel: [    2.328927] raid6: using algorithm sse2x4 gen() 13049 MB/s
Sep  7 12:58:50 cu-cs-vm kernel: [    2.329318] raid6: .... xor() 9270 MB/s, rmw enabled
Sep  7 12:58:50 cu-cs-vm kernel: [    2.329716] raid6: using ssse3x2 recovery algorithm
Sep  7 12:58:50 cu-cs-vm kernel: [    2.332425] xor: automatically using best checksumming function:
Sep  7 12:58:50 cu-cs-vm kernel: [    2.372345]    avx       : 18736.000 MB/sec
Sep  7 12:58:50 cu-cs-vm kernel: [    2.468384] Btrfs loaded
Sep  7 12:58:50 cu-cs-vm kernel: [    2.514495] BTRFS: device fsid 7edb9fb6-5937-400b-b2d4-95dbf988ef57 devid 1 transid 9019 /dev/sda1
Sep  7 12:58:50 cu-cs-vm kernel: [    2.539975] BTRFS info (device sda1): disk space caching is enabled
Sep  7 12:58:50 cu-cs-vm kernel: [    2.540876] BTRFS: has skinny extents
Sep  7 12:58:50 cu-cs-vm kernel: [    2.551622] BTRFS: detected SSD devices, enabling SSD mode
Sep  7 12:58:50 cu-cs-vm kernel: [    2.789301] lp: driver loaded but no devices found
Sep  7 12:58:50 cu-cs-vm kernel: [    2.806156] ppdev: user-space parallel port driver
Sep  7 12:58:50 cu-cs-vm kernel: [    2.961926] BTRFS info (device sda1): enabling auto defrag
Sep  7 12:58:50 cu-cs-vm kernel: [    2.961929] BTRFS info (device sda1): disk space caching is enabled
Sep  7 12:58:50 cu-cs-vm kernel: [    3.186452] vboxguest: module verification failed: signature and/or required key missing - tainting kernel
Sep  7 12:58:50 cu-cs-vm kernel: [    3.219339] ACPI: Video Device [GFX0] (multi-head: yes  rom: no  post: no)
Sep  7 12:58:50 cu-cs-vm kernel: [    3.219406] input: Video Bus as /devices/LNXSYSTM:00/LNXSYBUS:00/PNP0A03:00/LNXVIDEO:00/input/input6
Sep  7 12:58:50 cu-cs-vm kernel: [    3.234352] vgdrvHeartbeatInit: Setting up heartbeat to trigger every 2000 milliseconds
Sep  7 12:58:50 cu-cs-vm kernel: [    3.234447] input: Unspecified device as /devices/pci0000:00/0000:00:04.0/input/input7
Sep  7 12:58:50 cu-cs-vm kernel: [    3.248155] vboxguest: misc device minor 55, IRQ 20, I/O port d020, MMIO at 00000000f0400000 (size 0x400000)
Sep  7 12:58:50 cu-cs-vm kernel: [    3.248198] vboxguest: Successfully loaded version 5.1.2 (interface 0x00010004)
Sep  7 12:58:50 cu-cs-vm kernel: [    3.248204] [drm] Initialized drm 1.1.0 20060810
Sep  7 12:58:50 cu-cs-vm kernel: [    3.291375] piix4_smbus 0000:00:07.0: SMBus Host Controller at 0x4100, revision 0
Sep  7 12:58:50 cu-cs-vm kernel: [    3.382313] [drm] VRAM 04000000
Sep  7 12:58:50 cu-cs-vm kernel: [    3.384163] [TTM] Zone  kernel: Available graphics memory: 958802 kiB
Sep  7 12:58:50 cu-cs-vm kernel: [    3.384165] [TTM] Initializing pool allocator
Sep  7 12:58:50 cu-cs-vm kernel: [    3.384170] [TTM] Initializing DMA pool allocator
Sep  7 12:58:50 cu-cs-vm kernel: [    3.384713] fbcon: vboxdrmfb (fb0) is primary device
Sep  7 12:58:50 cu-cs-vm kernel: [    3.399692] Console: switching to colour frame buffer device 100x37
Sep  7 12:58:50 cu-cs-vm kernel: [    3.402499] vboxvideo 0000:00:02.0: fb0: vboxdrmfb frame buffer device
Sep  7 12:58:50 cu-cs-vm kernel: [    3.414671] [drm] Initialized vboxvideo 1.0.0 20130823 for 0000:00:02.0 on minor 0
Sep  7 12:58:50 cu-cs-vm kernel: [    3.544213] snd_intel8x0 0000:00:05.0: disable (unknown or VT-d) VM optimization
Sep  7 12:58:50 cu-cs-vm kernel: [    3.551171] AVX version of gcm_enc/dec engaged.
Sep  7 12:58:50 cu-cs-vm kernel: [    3.551173] AES CTR mode by8 optimization enabled
Sep  7 12:58:50 cu-cs-vm kernel: [    3.578567] BTRFS error (device sda1): could not find root 8
Sep  7 12:58:50 cu-cs-vm kernel: [    3.579066] BTRFS error (device sda1): could not find root 8
Sep  7 12:58:50 cu-cs-vm kernel: [    3.720223] audit: type=1400 audit(1473274730.140:2): apparmor="STATUS" operation="profile_load" profile="unconfined" name="/usr/lib/lightdm/lightdm-guest-session" pid=1380 comm="apparmor_parser"
Sep  7 12:58:50 cu-cs-vm kernel: [    3.720232] audit: type=1400 audit(1473274730.140:3): apparmor="STATUS" operation="profile_load" profile="unconfined" name="/usr/lib/lightdm/lightdm-guest-session//chromium" pid=1380 comm="apparmor_parser"
Sep  7 12:58:50 cu-cs-vm kernel: [    3.722527] audit: type=1400 audit(1473274730.144:4): apparmor="STATUS" operation="profile_load" profile="unconfined" name="/sbin/dhclient" pid=1381 comm="apparmor_parser"
Sep  7 12:58:50 cu-cs-vm kernel: [    3.722534] audit: type=1400 audit(1473274730.144:5): apparmor="STATUS" operation="profile_load" profile="unconfined" name="/usr/lib/NetworkManager/nm-dhcp-client.action" pid=1381 comm="apparmor_parser"
Sep  7 12:58:50 cu-cs-vm kernel: [    3.722538] audit: type=1400 audit(1473274730.144:6): apparmor="STATUS" operation="profile_load" profile="unconfined" name="/usr/lib/NetworkManager/nm-dhcp-helper" pid=1381 comm="apparmor_parser"
Sep  7 12:58:50 cu-cs-vm kernel: [    3.722542] audit: type=1400 audit(1473274730.144:7): apparmor="STATUS" operation="profile_load" profile="unconfined" name="/usr/lib/connman/scripts/dhclient-script" pid=1381 comm="apparmor_parser"
Sep  7 12:58:50 cu-cs-vm kernel: [    3.741302] audit: type=1400 audit(1473274730.164:8): apparmor="STATUS" operation="profile_load" profile="unconfined" name="/usr/bin/ubuntu-core-launcher" pid=1389 comm="apparmor_parser"
Sep  7 12:58:50 cu-cs-vm kernel: [    3.744056] audit: type=1400 audit(1473274730.164:9): apparmor="STATUS" operation="profile_load" profile="unconfined" name="/usr/bin/evince" pid=1386 comm="apparmor_parser"
Sep  7 12:58:50 cu-cs-vm kernel: [    3.744063] audit: type=1400 audit(1473274730.164:10): apparmor="STATUS" operation="profile_load" profile="unconfined" name="/usr/bin/evince//sanitized_helper" pid=1386 comm="apparmor_parser"
Sep  7 12:58:50 cu-cs-vm rsyslogd-2039: Could not open output pipe '/dev/xconsole':: No such file or directory [v8.16.0 try http://www.rsyslog.com/e/2039 ]
Sep  7 12:58:50 cu-cs-vm rsyslogd-2007: action 'action 10' suspended, next retry is Wed Sep  7 12:59:20 2016 [v8.16.0 try http://www.rsyslog.com/e/2007 ]
Sep  7 12:58:50 cu-cs-vm systemd[1]: Starting LSB: automatic crash report generation...
Sep  7 12:58:50 cu-cs-vm systemd[1]: Starting Restore /etc/resolv.conf if the system crashed before the ppp link was shut down...
Sep  7 12:58:50 cu-cs-vm systemd[1]: Starting Thermal Daemon Service...
Sep  7 12:58:50 cu-cs-vm acpid: starting up with netlink and the input layer
Sep  7 12:58:50 cu-cs-vm acpid: 9 rules loaded
Sep  7 12:58:50 cu-cs-vm acpid: waiting for events: event logging is off
Sep  7 12:58:50 cu-cs-vm systemd[1]: Started D-Bus System Message Bus.
Sep  7 12:58:50 cu-cs-vm whoopsie[1534]: [12:58:50] Using lock path: /var/lock/whoopsie/lock
Sep  7 12:58:50 cu-cs-vm dbus[1592]: [system] AppArmor D-Bus mediation is enabled
Sep  7 12:58:50 cu-cs-vm systemd[1]: Started Thermal Daemon Service.
Sep  7 12:58:50 cu-cs-vm thermald[1587]: NO RAPL sysfs present
Sep  7 12:58:50 cu-cs-vm thermald[1587]: 13 CPUID levels; family:model:stepping 0x6:45:1 (6:69:1)
Sep  7 12:58:50 cu-cs-vm thermald[1587]: Polling mode is enabled: 4
Sep  7 12:58:50 cu-cs-vm thermald[1587]: Thermal DTS: No coretemp sysfs found
Sep  7 12:58:50 cu-cs-vm thermald[1587]: Thermal DTS or hwmon: No Zones present Need to configure manually
Sep  7 12:58:50 cu-cs-vm thermald[1587]: No thermal sensors found
Sep  7 12:58:50 cu-cs-vm thermald[1587]: THD engine start failed
Sep  7 12:58:50 cu-cs-vm systemd[1]: Starting Network Manager...
Sep  7 12:58:50 cu-cs-vm whoopsie[1534]: [12:58:50] Could not get the Network Manager state:
Sep  7 12:58:50 cu-cs-vm whoopsie[1534]: [12:58:50] GDBus.Error:org.freedesktop.DBus.Error.ServiceUnknown: The name org.freedesktop.NetworkManager was not provided by any .service files
Sep  7 12:58:50 cu-cs-vm avahi-daemon[1487]: Successfully called chroot().
Sep  7 12:58:50 cu-cs-vm systemd[1]: Starting vboxadd-x11.service...
Sep  7 12:58:50 cu-cs-vm avahi-daemon[1487]: Successfully dropped remaining capabilities.
Sep  7 12:58:50 cu-cs-vm avahi-daemon[1487]: No service file found in /etc/avahi/services.
Sep  7 12:58:50 cu-cs-vm avahi-daemon[1487]: Network interface enumeration completed.
Sep  7 12:58:50 cu-cs-vm avahi-daemon[1487]: Server startup complete. Host name is cu-cs-vm.local. Local service cookie is 2728575652.
Sep  7 12:58:50 cu-cs-vm dbus[1592]: [system] Activating via systemd: service name='org.freedesktop.PolicyKit1' unit='polkitd.service'
Sep  7 12:58:50 cu-cs-vm systemd[1]: Starting LSB: Set the CPU Frequency Scaling governor to "ondemand"...
Sep  7 12:58:50 cu-cs-vm systemd[1]: Starting Initialize hardware monitoring sensors...
Sep  7 12:58:50 cu-cs-vm systemd[1]: Starting LSB: Record successful boot for GRUB...
Sep  7 12:58:50 cu-cs-vm sensors[1630]: No sensors found!
Sep  7 12:58:50 cu-cs-vm sensors[1630]: Make sure you loaded all the kernel drivers you need.
Sep  7 12:58:50 cu-cs-vm sensors[1630]: Try sensors-detect to find out which these are.
Sep  7 12:58:50 cu-cs-vm systemd[1]: Starting Login Service...
Sep  7 12:58:50 cu-cs-vm systemd[1]: Started Run anacron jobs.
Sep  7 12:58:50 cu-cs-vm NetworkManager[1619]: <info>  [1473274730.6266] NetworkManager (version 1.2.0) is starting...
Sep  7 12:58:50 cu-cs-vm systemd[1]: Starting Detect the available GPUs and deal with any system changes...
Sep  7 12:58:50 cu-cs-vm anacron[1652]: Anacron 2.3 started on 2016-09-07
Sep  7 12:58:50 cu-cs-vm NetworkManager[1619]: <info>  [1473274730.6320] Read config: /etc/NetworkManager/NetworkManager.conf (etc: default-wifi-powersave-on.conf)
Sep  7 12:58:50 cu-cs-vm anacron[1652]: Normal exit (0 jobs run)
Sep  7 12:58:50 cu-cs-vm gpu-manager[1655]: /etc/modprobe.d is not a file
Sep  7 12:58:50 cu-cs-vm gpu-manager[1655]: message repeated 2 times: [ /etc/modprobe.d is not a file]
Sep  7 12:58:50 cu-cs-vm systemd[1]: Starting vboxadd.service...
Sep  7 12:58:50 cu-cs-vm gpu-manager[1655]: /etc/modprobe.d is not a file
Sep  7 12:58:50 cu-cs-vm vboxadd[1665]: vboxadd.sh: Starting the VirtualBox Guest Additions.
Sep  7 12:58:50 cu-cs-vm vboxadd.sh: Starting the VirtualBox Guest Additions.
Sep  7 12:58:50 cu-cs-vm systemd[1]: Started Regular background program processing daemon.
Sep  7 12:58:50 cu-cs-vm cron[1700]: (CRON) INFO (pidfile fd = 3)
Sep  7 12:58:50 cu-cs-vm cron[1700]: (CRON) INFO (Running @reboot jobs)
Sep  7 12:58:50 cu-cs-vm gpu-manager[1655]: /etc/modprobe.d is not a file
Sep  7 12:58:50 cu-cs-vm gpu-manager[1655]: Error: can't open /lib/modules/4.4.16OS_Kernel/updates/dkms
Sep  7 12:58:50 cu-cs-vm gpu-manager[1655]: Error: can't open /lib/modules/4.4.16OS_Kernel/updates/dkms
Sep  7 12:58:50 cu-cs-vm NetworkManager[1619]: <info>  [1473274730.6675] manager[0x111e1a0]: monitoring kernel firmware directory '/lib/firmware'.
Sep  7 12:58:50 cu-cs-vm NetworkManager[1619]: <info>  [1473274730.6679] monitoring ifupdown state file '/run/network/ifstate'.
Sep  7 12:58:50 cu-cs-vm NetworkManager[1619]: <info>  [1473274730.6746] dns-mgr[0x113d0a0]: set resolv-conf-mode: dnsmasq, plugin="dnsmasq"
Sep  7 12:58:50 cu-cs-vm NetworkManager[1619]: <info>  [1473274730.6747] dns-mgr[0x113d0a0]: using resolv.conf manager 'resolvconf'
Sep  7 12:58:50 cu-cs-vm systemd[1]: Started Snappy daemon.
Sep  7 12:58:50 cu-cs-vm systemd[1]: Started System Logging Service.
Sep  7 12:58:50 cu-cs-vm dbus[1592]: [system] Activating via systemd: service name='org.freedesktop.nm_dispatcher' unit='dbus-org.freedesktop.nm-dispatcher.service'
Sep  7 12:58:50 cu-cs-vm systemd[1]: Started Permit User Sessions.
Sep  7 12:58:50 cu-cs-vm systemd[1]: Started Restore /etc/resolv.conf if the system crashed before the ppp link was shut down.
Sep  7 12:58:50 cu-cs-vm /usr/lib/snapd/snapd[1709]: daemon.go:212: DEBUG: adding /
Sep  7 12:58:50 cu-cs-vm /usr/lib/snapd/snapd[1709]: daemon.go:212: DEBUG: adding /v2/system-info
Sep  7 12:58:50 cu-cs-vm /usr/lib/snapd/snapd[1709]: daemon.go:212: DEBUG: adding /v2/login
Sep  7 12:58:50 cu-cs-vm /usr/lib/snapd/snapd[1709]: daemon.go:212: DEBUG: adding /v2/logout
Sep  7 12:58:50 cu-cs-vm /usr/lib/snapd/snapd[1709]: daemon.go:212: DEBUG: adding /v2/icons/{name}/icon
Sep  7 12:58:50 cu-cs-vm /usr/lib/snapd/snapd[1709]: daemon.go:212: DEBUG: adding /v2/find
Sep  7 12:58:50 cu-cs-vm /usr/lib/snapd/snapd[1709]: daemon.go:212: DEBUG: adding /v2/snaps
Sep  7 12:58:50 cu-cs-vm /usr/lib/snapd/snapd[1709]: daemon.go:212: DEBUG: adding /v2/snaps/{name}
Sep  7 12:58:50 cu-cs-vm /usr/lib/snapd/snapd[1709]: daemon.go:212: DEBUG: adding /v2/interfaces
Sep  7 12:58:50 cu-cs-vm /usr/lib/snapd/snapd[1709]: daemon.go:212: DEBUG: adding /v2/assertions
Sep  7 12:58:50 cu-cs-vm /usr/lib/snapd/snapd[1709]: daemon.go:212: DEBUG: adding /v2/assertions/{assertType}
Sep  7 12:58:50 cu-cs-vm /usr/lib/snapd/snapd[1709]: daemon.go:212: DEBUG: adding /v2/events
Sep  7 12:58:50 cu-cs-vm /usr/lib/snapd/snapd[1709]: daemon.go:212: DEBUG: adding /v2/changes/{id}
Sep  7 12:58:50 cu-cs-vm /usr/lib/snapd/snapd[1709]: daemon.go:212: DEBUG: adding /v2/changes
Sep  7 12:58:50 cu-cs-vm /usr/lib/snapd/snapd[1709]: daemon.go:212: DEBUG: adding /v2/create-user
Sep  7 12:58:50 cu-cs-vm /usr/lib/snapd/snapd[1709]: daemon.go:212: DEBUG: adding /v2/buy
Sep  7 12:58:50 cu-cs-vm /usr/lib/snapd/snapd[1709]: daemon.go:212: DEBUG: adding /v2/buy/methods
Sep  7 12:58:50 cu-cs-vm /usr/lib/snapd/snapd[1709]: daemon.go:202: DEBUG: init done in 2.627949ms
Sep  7 12:58:50 cu-cs-vm systemd[1]: Started vboxadd-x11.service.
Sep  7 12:58:50 cu-cs-vm gpu-manager[1655]: update-alternatives: error: no alternatives for x86_64-linux-gnu_gfxcore_conf
Sep  7 12:58:50 cu-cs-vm kernel: [    4.321350] vboxsf: Successfully loaded version 5.1.2 (interface 0x00010004)
Sep  7 12:58:50 cu-cs-vm systemd[1]: Started Detect the available GPUs and deal with any system changes.
Sep  7 12:58:50 cu-cs-vm sensors[1735]: No sensors found!
Sep  7 12:58:50 cu-cs-vm sensors[1735]: Make sure you loaded all the kernel drivers you need.
Sep  7 12:58:50 cu-cs-vm sensors[1735]: Try sensors-detect to find out which these are.
Sep  7 12:58:50 cu-cs-vm systemd[1]: Started Initialize hardware monitoring sensors.
Sep  7 12:58:50 cu-cs-vm systemd[1]: Started LSB: Execute the kexec -e command to reboot system.
Sep  7 12:58:50 cu-cs-vm speech-dispatcher[1529]:  * speech-dispatcher disabled; edit /etc/default/speech-dispatcher
Sep  7 12:58:50 cu-cs-vm vboxadd-x11.sh: Installing the Window System drivers.
Sep  7 12:58:50 cu-cs-vm systemd[1]: Started LSB: Speech Dispatcher.
Sep  7 12:58:50 cu-cs-vm vboxadd-x11.sh: Installing X.Org Server 1.18 modules.
Sep  7 12:58:50 cu-cs-vm vboxadd-x11.sh: X.Org Server 1.18 modules installed.
Sep  7 12:58:50 cu-cs-vm apport[1568]:  * Starting automatic crash report generation: apport
Sep  7 12:58:50 cu-cs-vm vboxadd-x11.sh: Setting up the Window System to use the Guest Additions.
Sep  7 12:58:50 cu-cs-vm irqbalance[1535]:  * Starting SMP IRQ Balancer: irqbalance
Sep  7 12:58:50 cu-cs-vm vboxadd-x11.sh: Window System set up to use the Guest Additions.
Sep  7 12:58:50 cu-cs-vm vboxadd[1665]: You may need to restart the the Window System (or just restart the guest system)
Sep  7 12:58:50 cu-cs-vm vboxadd[1665]: to enable the Guest Additions.
Sep  7 12:58:50 cu-cs-vm vboxadd-x11.sh: Installing graphics libraries and desktop services components.
Sep  7 12:58:50 cu-cs-vm apport[1568]:    ...done.
Sep  7 12:58:50 cu-cs-vm systemd[1]: Started LSB: automatic crash report generation.
Sep  7 12:58:50 cu-cs-vm irqbalance[1535]:    ...done.
Sep  7 12:58:50 cu-cs-vm systemd[1]: Started LSB: daemon to balance interrupts for SMP systems.
Sep  7 12:58:50 cu-cs-vm vboxadd-x11.sh: Window system drivers installed.
Sep  7 12:58:50 cu-cs-vm systemd[1]: Started LSB: Set the CPU Frequency Scaling governor to "ondemand".
Sep  7 12:58:50 cu-cs-vm systemd[1]: Started LSB: Record successful boot for GRUB.
Sep  7 12:58:50 cu-cs-vm systemd[1]: Started Avahi mDNS/DNS-SD Stack.
Sep  7 12:58:50 cu-cs-vm systemd[1]: Started Network Manager.
Sep  7 12:58:50 cu-cs-vm systemd[1]: Started Login Service.
Sep  7 12:58:51 cu-cs-vm systemd[1]: Starting Network Manager Script Dispatcher Service...
Sep  7 12:58:51 cu-cs-vm systemd[1]: Starting Network Manager Wait Online...
Sep  7 12:58:51 cu-cs-vm systemd[1]: Starting Authenticate and Authorize Users to Run Privileged Tasks...
Sep  7 12:58:51 cu-cs-vm systemd[1]: Started Make remote CUPS printers available locally.
Sep  7 12:58:51 cu-cs-vm dbus[1592]: [system] Successfully activated service 'org.freedesktop.nm_dispatcher'
Sep  7 12:58:51 cu-cs-vm NetworkManager[1619]: <info>  [1473274731.0586] init!
Sep  7 12:58:51 cu-cs-vm NetworkManager[1619]: <info>  [1473274731.0589] management mode: unmanaged
Sep  7 12:58:51 cu-cs-vm NetworkManager[1619]: <info>  [1473274731.0592] devices added (path: /sys/devices/pci0000:00/0000:00:03.0/net/enp0s3, iface: enp0s3)
Sep  7 12:58:51 cu-cs-vm NetworkManager[1619]: <info>  [1473274731.0592] device added (path: /sys/devices/pci0000:00/0000:00:03.0/net/enp0s3, iface: enp0s3): no ifupdown configuration found.
Sep  7 12:58:51 cu-cs-vm NetworkManager[1619]: <info>  [1473274731.0592] devices added (path: /sys/devices/virtual/net/lo, iface: lo)
Sep  7 12:58:51 cu-cs-vm NetworkManager[1619]: <info>  [1473274731.0592] device added (path: /sys/devices/virtual/net/lo, iface: lo): no ifupdown configuration found.
Sep  7 12:58:51 cu-cs-vm NetworkManager[1619]: <info>  [1473274731.0592] end _init.
Sep  7 12:58:51 cu-cs-vm NetworkManager[1619]: <info>  [1473274731.0592] settings: loaded plugin ifupdown: (C) 2008 Canonical Ltd.  To report bugs please use the NetworkManager mailing list. (/usr/lib/x86_64-linux-gnu/NetworkManager/libnm-settings-plugin-ifupdown.so)
Sep  7 12:58:51 cu-cs-vm NetworkManager[1619]: <info>  [1473274731.0593] settings: loaded plugin keyfile: (c) 2007 - 2015 Red Hat, Inc.  To report bugs please use the NetworkManager mailing list.
Sep  7 12:58:51 cu-cs-vm NetworkManager[1619]: <info>  [1473274731.0608] SettingsPlugin-Ofono: init!
Sep  7 12:58:51 cu-cs-vm dbus[1592]: [system] Activating via systemd: service name='org.freedesktop.hostname1' unit='dbus-org.freedesktop.hostname1.service'
Sep  7 12:58:51 cu-cs-vm NetworkManager[1619]: <warn>  [1473274731.0609] SettingsPlugin-Ofono: file doesn't exist: /var/lib/ofono
Sep  7 12:58:51 cu-cs-vm NetworkManager[1619]: <info>  [1473274731.0609] SettingsPlugin-Ofono: end _init.
Sep  7 12:58:51 cu-cs-vm NetworkManager[1619]: <info>  [1473274731.0609] settings: loaded plugin ofono: (C) 2013-2016 Canonical Ltd.  To report bugs please use the NetworkManager mailing list. (/usr/lib/x86_64-linux-gnu/NetworkManager/libnm-settings-plugin-ofono.so)
Sep  7 12:58:51 cu-cs-vm NetworkManager[1619]: <info>  [1473274731.0609] (18133200) ... get_connections.
Sep  7 12:58:51 cu-cs-vm NetworkManager[1619]: <info>  [1473274731.0609] (18133200) ... get_connections (managed=false): return empty list.
Sep  7 12:58:51 cu-cs-vm NetworkManager[1619]: <info>  [1473274731.0610] SettingsPlugin-Ofono: (18133360) ... get_connections.
Sep  7 12:58:51 cu-cs-vm NetworkManager[1619]: <info>  [1473274731.0610] SettingsPlugin-Ofono: (18133360) connections count: 0
Sep  7 12:58:51 cu-cs-vm NetworkManager[1619]: <info>  [1473274731.0610] get unmanaged devices count: 0
Sep  7 12:58:51 cu-cs-vm systemd[1]: Starting LSB: Load kernel image with kexec...
Sep  7 12:58:51 cu-cs-vm systemd[1]: Starting Light Display Manager...
Sep  7 12:58:51 cu-cs-vm systemd[1]: Started Raise network interfaces.
Sep  7 12:58:51 cu-cs-vm polkitd[1935]: started daemon version 0.105 using authority implementation `local' version `0.105'
Sep  7 12:58:51 cu-cs-vm dbus[1592]: [system] Successfully activated service 'org.freedesktop.PolicyKit1'
Sep  7 12:58:51 cu-cs-vm accounts-daemon[1499]: started daemon version 0.6.40
Sep  7 12:58:51 cu-cs-vm systemd[1]: Started Network Manager Script Dispatcher Service.
Sep  7 12:58:51 cu-cs-vm systemd[1]: Started LSB: Load kernel image with kexec.
Sep  7 12:58:51 cu-cs-vm systemd[1]: Started Authenticate and Authorize Users to Run Privileged Tasks.
Sep  7 12:58:51 cu-cs-vm systemd[1]: Started Accounts Service.
Sep  7 12:58:51 cu-cs-vm vboxadd.sh: .
Sep  7 12:58:51 cu-cs-vm systemd[1]: Started vboxadd.service.
Sep  7 12:58:51 cu-cs-vm systemd[1]: Started Modem Manager.
Sep  7 12:58:51 cu-cs-vm systemd[1]: Started Light Display Manager.
Sep  7 12:58:51 cu-cs-vm kernel: [    4.886622] snd_intel8x0 0000:00:05.0: white list rate for 1028:0177 is 48000
Sep  7 12:58:51 cu-cs-vm systemd[1]: Starting vboxadd-service.service...
Sep  7 12:58:51 cu-cs-vm systemd[1]: Starting Hostname Service...
Sep  7 12:58:51 cu-cs-vm systemd[1]: Reached target Network.
Sep  7 12:58:51 cu-cs-vm systemd[1]: Starting OpenBSD Secure Shell server...
Sep  7 12:58:51 cu-cs-vm vboxadd-service[2009]: vboxadd-service.sh: Starting VirtualBox Guest Addition service.
Sep  7 12:58:51 cu-cs-vm vboxadd-service.sh: Starting VirtualBox Guest Addition service.
Sep  7 12:58:51 cu-cs-vm systemd[1]: Reached target Sound Card.
Sep  7 12:58:51 cu-cs-vm dbus[1592]: [system] Successfully activated service 'org.freedesktop.hostname1'
Sep  7 12:58:51 cu-cs-vm systemd[1]: Started Hostname Service.
Sep  7 12:58:51 cu-cs-vm NetworkManager[1619]: <info>  [1473274731.3505] settings: hostname: using hostnamed
Sep  7 12:58:51 cu-cs-vm NetworkManager[1619]: <info>  [1473274731.3506] settings: hostname changed from (none) to "cu-cs-vm"
Sep  7 12:58:51 cu-cs-vm NetworkManager[1619]: <info>  [1473274731.3508] Using DHCP client 'dhclient'
Sep  7 12:58:51 cu-cs-vm NetworkManager[1619]: <info>  [1473274731.3508] manager: WiFi enabled by radio killswitch; enabled by state file
Sep  7 12:58:51 cu-cs-vm NetworkManager[1619]: <info>  [1473274731.3508] manager: WWAN enabled by radio killswitch; enabled by state file
Sep  7 12:58:51 cu-cs-vm NetworkManager[1619]: <info>  [1473274731.3508] manager: Networking is enabled by state file
Sep  7 12:58:51 cu-cs-vm NetworkManager[1619]: <info>  [1473274731.3508] Loaded device plugin: NMVxlanFactory (internal)
Sep  7 12:58:51 cu-cs-vm NetworkManager[1619]: <info>  [1473274731.3509] Loaded device plugin: NMVlanFactory (internal)
Sep  7 12:58:51 cu-cs-vm NetworkManager[1619]: <info>  [1473274731.3509] Loaded device plugin: NMVethFactory (internal)
Sep  7 12:58:51 cu-cs-vm NetworkManager[1619]: <info>  [1473274731.3509] Loaded device plugin: NMTunFactory (internal)
Sep  7 12:58:51 cu-cs-vm NetworkManager[1619]: <info>  [1473274731.3509] Loaded device plugin: NMMacvlanFactory (internal)
Sep  7 12:58:51 cu-cs-vm NetworkManager[1619]: <info>  [1473274731.3509] Loaded device plugin: NMIPTunnelFactory (internal)
Sep  7 12:58:51 cu-cs-vm NetworkManager[1619]: <info>  [1473274731.3509] Loaded device plugin: NMInfinibandFactory (internal)
Sep  7 12:58:51 cu-cs-vm NetworkManager[1619]: <info>  [1473274731.3509] Loaded device plugin: NMEthernetFactory (internal)
Sep  7 12:58:51 cu-cs-vm NetworkManager[1619]: <info>  [1473274731.3509] Loaded device plugin: NMBridgeFactory (internal)
Sep  7 12:58:51 cu-cs-vm NetworkManager[1619]: <info>  [1473274731.3510] Loaded device plugin: NMBondFactory (internal)
Sep  7 12:58:51 cu-cs-vm nm-dispatcher: req:1 'hostname': new request (1 scripts)
Sep  7 12:58:51 cu-cs-vm nm-dispatcher: req:1 'hostname': start running ordered scripts...
Sep  7 12:58:51 cu-cs-vm NetworkManager[1619]: <info>  [1473274731.3630] Loaded device plugin: NMAtmManager (/usr/lib/x86_64-linux-gnu/NetworkManager/libnm-device-plugin-adsl.so)
Sep  7 12:58:51 cu-cs-vm NetworkManager[1619]: <info>  [1473274731.3787] Loaded device plugin: NMBluezManager (/usr/lib/x86_64-linux-gnu/NetworkManager/libnm-device-plugin-bluetooth.so)
Sep  7 12:58:51 cu-cs-vm kernel: [    4.953553] VBoxService 5.1.2 r108956 (verbosity: 0) linux.amd64 (Jul 21 2016 17:47:02) release log
Sep  7 12:58:51 cu-cs-vm kernel: [    4.953553] 00:00:00.000127 main     Log opened 2016-09-07T18:58:51.380189000Z
Sep  7 12:58:51 cu-cs-vm NetworkManager[1619]: <info>  [1473274731.3894] Loaded device plugin: NMWifiFactory (/usr/lib/x86_64-linux-gnu/NetworkManager/libnm-device-plugin-wifi.so)
Sep  7 12:58:51 cu-cs-vm kernel: [    4.962727] 00:00:00.009950 main     OS Product: Linux
Sep  7 12:58:51 cu-cs-vm kernel: [    4.962789] 00:00:00.010040 main     OS Release: 4.4.16OS_Kernel
Sep  7 12:58:51 cu-cs-vm kernel: [    4.962840] 00:00:00.010097 main     OS Version: #4 SMP Wed Sep 7 12:57:09 MDT 2016
Sep  7 12:58:51 cu-cs-vm NetworkManager[1619]: <info>  [1473274731.3955] Loaded device plugin: NMWwanFactory (/usr/lib/x86_64-linux-gnu/NetworkManager/libnm-device-plugin-wwan.so)
Sep  7 12:58:51 cu-cs-vm kernel: [    4.966681] 00:00:00.010147 main     Executable: /opt/VBoxGuestAdditions-5.1.2/sbin/VBoxService
Sep  7 12:58:51 cu-cs-vm kernel: [    4.966681] 00:00:00.010149 main     Process ID: 2027
Sep  7 12:58:51 cu-cs-vm kernel: [    4.966681] 00:00:00.010150 main     Package type: LINUX_64BITS_GENERIC
Sep  7 12:58:51 cu-cs-vm NetworkManager[1619]: <info>  [1473274731.3972] manager: (enp0s3): new Ethernet device (/org/freedesktop/NetworkManager/Devices/0)
Sep  7 12:58:51 cu-cs-vm NetworkManager[1619]: <info>  [1473274731.3991] keyfile: add connection in-memory (6bde9daa-6bd6-4712-a35b-543a925c6c75,"Wired connection 1")
Sep  7 12:58:51 cu-cs-vm kernel: [    4.972944] 00:00:00.020182 main     5.1.2 r108956 started. Verbose level = 0
Sep  7 12:58:51 cu-cs-vm NetworkManager[1619]: <info>  [1473274731.4082] settings: (enp0s3): created default wired connection 'Wired connection 1'
Sep  7 12:58:51 cu-cs-vm NetworkManager[1619]: <info>  [1473274731.4096] device (enp0s3): state change: unmanaged -> unavailable (reason 'managed') [10 20 2]
Sep  7 12:58:51 cu-cs-vm kernel: [    4.982941] IPv6: ADDRCONF(NETDEV_UP): enp0s3: link is not ready
Sep  7 12:58:51 cu-cs-vm kernel: [    4.985029] IPv6: ADDRCONF(NETDEV_UP): enp0s3: link is not ready
Sep  7 12:58:51 cu-cs-vm kernel: [    4.985565] e1000: enp0s3 NIC Link is Up 1000 Mbps Full Duplex, Flow Control: RX
Sep  7 12:58:51 cu-cs-vm kernel: [    4.986372] IPv6: ADDRCONF(NETDEV_CHANGE): enp0s3: link becomes ready
Sep  7 12:58:51 cu-cs-vm NetworkManager[1619]: <info>  [1473274731.4163] device (enp0s3): link connected
Sep  7 12:58:51 cu-cs-vm NetworkManager[1619]: nm_device_get_device_type: assertion 'NM_IS_DEVICE (self)' failed
Sep  7 12:58:51 cu-cs-vm vboxadd-service.sh: VirtualBox Guest Addition service started.
Sep  7 12:58:51 cu-cs-vm systemd[1]: Started vboxadd-service.service.
Sep  7 12:58:51 cu-cs-vm NetworkManager[1619]: <info>  [1473274731.4194] device (lo): link connected
Sep  7 12:58:51 cu-cs-vm NetworkManager[1619]: <info>  [1473274731.4206] manager: (lo): new Generic device (/org/freedesktop/NetworkManager/Devices/1)
Sep  7 12:58:51 cu-cs-vm NetworkManager[1619]: <info>  [1473274731.4282] urfkill disappeared from the bus
Sep  7 12:58:51 cu-cs-vm NetworkManager[1619]: <info>  [1473274731.4442] ModemManager available in the bus
Sep  7 12:58:51 cu-cs-vm NetworkManager[1619]: <info>  [1473274731.4446] ofono is now available
Sep  7 12:58:51 cu-cs-vm NetworkManager[1619]: <info>  [1473274731.4454] device (enp0s3): state change: unavailable -> disconnected (reason 'none') [20 30 0]
Sep  7 12:58:51 cu-cs-vm systemd[1]: Started OpenBSD Secure Shell server.
Sep  7 12:58:51 cu-cs-vm NetworkManager[1619]: <warn>  [1473274731.4513] failed to enumerate oFono devices: GDBus.Error:org.freedesktop.DBus.Error.ServiceUnknown: The name org.ofono was not provided by any .service files
Sep  7 12:58:51 cu-cs-vm NetworkManager[1619]: <info>  [1473274731.4522] policy: auto-activating connection 'Wired connection 1'
Sep  7 12:58:51 cu-cs-vm NetworkManager[1619]: <info>  [1473274731.4565] device (enp0s3): Activation: starting connection 'Wired connection 1' (6bde9daa-6bd6-4712-a35b-543a925c6c75)
Sep  7 12:58:51 cu-cs-vm NetworkManager[1619]: <info>  [1473274731.4612] device (enp0s3): state change: disconnected -> prepare (reason 'none') [30 40 0]
Sep  7 12:58:51 cu-cs-vm NetworkManager[1619]: <info>  [1473274731.4622] manager: NetworkManager state is now CONNECTING
Sep  7 12:58:51 cu-cs-vm NetworkManager[1619]: <info>  [1473274731.4626] device (enp0s3): state change: prepare -> config (reason 'none') [40 50 0]
Sep  7 12:58:51 cu-cs-vm whoopsie[1534]: [12:58:51] offline
Sep  7 12:58:51 cu-cs-vm NetworkManager[1619]: <info>  [1473274731.4698] device (enp0s3): state change: config -> ip-config (reason 'none') [50 70 0]
Sep  7 12:58:51 cu-cs-vm NetworkManager[1619]: <info>  [1473274731.4706] dhcp4 (enp0s3): activation: beginning transaction (timeout in 45 seconds)
Sep  7 12:58:51 cu-cs-vm NetworkManager[1619]: <info>  [1473274731.4865] dhcp4 (enp0s3): dhclient started with pid 2043
Sep  7 12:58:51 cu-cs-vm dhclient[2043]: DHCPDISCOVER on enp0s3 to 255.255.255.255 port 67 interval 3 (xid=0x7cb00a2a)
Sep  7 12:58:51 cu-cs-vm dhclient[2043]: DHCPREQUEST of 10.0.2.15 on enp0s3 to 255.255.255.255 port 67 (xid=0x2a0ab07c)
Sep  7 12:58:51 cu-cs-vm dhclient[2043]: DHCPOFFER of 10.0.2.15 from 10.0.2.2
Sep  7 12:58:51 cu-cs-vm dhclient[2043]: DHCPACK of 10.0.2.15 from 10.0.2.2
Sep  7 12:58:51 cu-cs-vm NetworkManager[1619]: <info>  [1473274731.5442]   address 10.0.2.15
Sep  7 12:58:51 cu-cs-vm NetworkManager[1619]: <info>  [1473274731.5447]   plen 24 (255.255.255.0)
Sep  7 12:58:51 cu-cs-vm NetworkManager[1619]: <info>  [1473274731.5449]   gateway 10.0.2.2
Sep  7 12:58:51 cu-cs-vm NetworkManager[1619]: <info>  [1473274731.5451]   server identifier 10.0.2.2
Sep  7 12:58:51 cu-cs-vm NetworkManager[1619]: <info>  [1473274731.5454]   lease time 86400
Sep  7 12:58:51 cu-cs-vm NetworkManager[1619]: <info>  [1473274731.5456]   nameserver '192.168.1.1'
Sep  7 12:58:51 cu-cs-vm NetworkManager[1619]: <info>  [1473274731.5458] dhcp4 (enp0s3): state changed unknown -> bound
Sep  7 12:58:51 cu-cs-vm avahi-daemon[1487]: Joining mDNS multicast group on interface enp0s3.IPv4 with address 10.0.2.15.
Sep  7 12:58:51 cu-cs-vm avahi-daemon[1487]: New relevant interface enp0s3.IPv4 for mDNS.
Sep  7 12:58:51 cu-cs-vm avahi-daemon[1487]: Registering new address record for 10.0.2.15 on enp0s3.IPv4.
Sep  7 12:58:51 cu-cs-vm NetworkManager[1619]: <info>  [1473274731.5496] device (enp0s3): state change: ip-config -> ip-check (reason 'none') [70 80 0]
Sep  7 12:58:51 cu-cs-vm NetworkManager[1619]: <info>  [1473274731.5506] device (enp0s3): state change: ip-check -> secondaries (reason 'none') [80 90 0]
Sep  7 12:58:51 cu-cs-vm NetworkManager[1619]: <info>  [1473274731.5548] device (enp0s3): state change: secondaries -> activated (reason 'none') [90 100 0]
Sep  7 12:58:51 cu-cs-vm NetworkManager[1619]: <info>  [1473274731.5550] manager: NetworkManager state is now CONNECTED_LOCAL
Sep  7 12:58:51 cu-cs-vm NetworkManager[1619]: <info>  [1473274731.5563] manager: NetworkManager state is now CONNECTED_GLOBAL
Sep  7 12:58:51 cu-cs-vm NetworkManager[1619]: <info>  [1473274731.5565] policy: set 'Wired connection 1' (enp0s3) as default for IPv4 routing and DNS
Sep  7 12:58:51 cu-cs-vm NetworkManager[1619]: <info>  [1473274731.5567] DNS: starting dnsmasq...
Sep  7 12:58:51 cu-cs-vm whoopsie[1534]: [12:58:51] Cannot reach: https://daisy.ubuntu.com
Sep  7 12:58:51 cu-cs-vm NetworkManager[1619]: <warn>  [1473274731.5695] dnsmasq[0x11069c0]: dnsmasq not found on the bus. The nameserver update will be sent when dnsmasq appears
Sep  7 12:58:51 cu-cs-vm NetworkManager[1619]: <info>  [1473274731.5696] dns-mgr: Writing DNS information to /sbin/resolvconf
Sep  7 12:58:51 cu-cs-vm dhclient[2043]: bound to 10.0.2.15 -- renewal in 32904 seconds.
Sep  7 12:58:51 cu-cs-vm dnsmasq[2062]: started, version 2.75 cache disabled
Sep  7 12:58:51 cu-cs-vm dnsmasq[2062]: compile time options: IPv6 GNU-getopt DBus i18n IDN DHCP DHCPv6 no-Lua TFTP conntrack ipset auth DNSSEC loop-detect inotify
Sep  7 12:58:51 cu-cs-vm dnsmasq[2062]: DBus support enabled: connected to system bus
Sep  7 12:58:51 cu-cs-vm dnsmasq[2062]: warning: no upstream servers configured
Sep  7 12:58:51 cu-cs-vm NetworkManager[1619]: <info>  [1473274731.6564] device (enp0s3): Activation: successful, device activated.
Sep  7 12:58:51 cu-cs-vm NetworkManager[1619]: <info>  [1473274731.6585] dnsmasq[0x11069c0]: dnsmasq appeared as :1.24
Sep  7 12:58:51 cu-cs-vm nm-dispatcher: req:2 'up' [enp0s3]: new request (1 scripts)
Sep  7 12:58:51 cu-cs-vm NetworkManager[1619]: <info>  [1473274731.6586] dns-mgr: Writing DNS information to /sbin/resolvconf
Sep  7 12:58:51 cu-cs-vm nm-dispatcher: req:2 'up' [enp0s3]: start running ordered scripts...
Sep  7 12:58:51 cu-cs-vm dnsmasq[2062]: setting upstream servers from DBus
Sep  7 12:58:51 cu-cs-vm dnsmasq[2062]: using nameserver 192.168.1.1#53
Sep  7 12:58:51 cu-cs-vm whoopsie[1534]: [12:58:51] The default IPv4 route is: /org/freedesktop/NetworkManager/ActiveConnection/0
Sep  7 12:58:51 cu-cs-vm whoopsie[1534]: [12:58:51] Not a paid data plan: /org/freedesktop/NetworkManager/ActiveConnection/0
Sep  7 12:58:51 cu-cs-vm whoopsie[1534]: [12:58:51] Found usable connection: /org/freedesktop/NetworkManager/ActiveConnection/0
Sep  7 12:58:51 cu-cs-vm systemd[1]: Created slice User Slice of user.
Sep  7 12:58:51 cu-cs-vm systemd[1]: Starting User Manager for UID 1000...
Sep  7 12:58:51 cu-cs-vm systemd[1]: Started Session c1 of user user.
Sep  7 12:58:51 cu-cs-vm systemd[2145]: Reached target Paths.
Sep  7 12:58:51 cu-cs-vm systemd[2145]: Reached target Sockets.
Sep  7 12:58:51 cu-cs-vm systemd[2145]: Reached target Timers.
Sep  7 12:58:51 cu-cs-vm systemd[2145]: Reached target Basic System.
Sep  7 12:58:51 cu-cs-vm systemd[2145]: Reached target Default.
Sep  7 12:58:51 cu-cs-vm systemd[2145]: Startup finished in 32ms.
Sep  7 12:58:51 cu-cs-vm systemd[1]: Started User Manager for UID 1000.
Sep  7 12:58:51 cu-cs-vm whoopsie[1534]: [12:58:51] online
Sep  7 12:58:51 cu-cs-vm systemd[1]: Reloading OpenBSD Secure Shell server.
Sep  7 12:58:51 cu-cs-vm systemd[1]: Reloaded OpenBSD Secure Shell server.
Sep  7 12:58:52 cu-cs-vm systemd[1]: Reloading OpenBSD Secure Shell server.
Sep  7 12:58:52 cu-cs-vm systemd[1]: Reloaded OpenBSD Secure Shell server.
Sep  7 12:58:52 cu-cs-vm org.a11y.Bus[2339]: ** (process:2443): WARNING **: Failed to register client: GDBus.Error:org.freedesktop.DBus.Error.ServiceUnknown: The name org.gnome.SessionManager was not provided by any .service files
Sep  7 12:58:52 cu-cs-vm org.a11y.Bus[2339]: Activating service name='org.a11y.atspi.Registry'
Sep  7 12:58:52 cu-cs-vm org.a11y.Bus[2339]: Successfully activated service 'org.a11y.atspi.Registry'
Sep  7 12:58:52 cu-cs-vm org.a11y.atspi.Registry[2455]: SpiRegistry daemon is running with well-known name - org.a11y.atspi.Registry
Sep  7 12:58:52 cu-cs-vm avahi-daemon[1487]: Joining mDNS multicast group on interface enp0s3.IPv6 with address fe80::f82f:631e:3f8d:4bb3.
Sep  7 12:58:52 cu-cs-vm avahi-daemon[1487]: New relevant interface enp0s3.IPv6 for mDNS.
Sep  7 12:58:52 cu-cs-vm avahi-daemon[1487]: Registering new address record for fe80::f82f:631e:3f8d:4bb3 on enp0s3.*.
Sep  7 12:58:53 cu-cs-vm dbus[1592]: [system] Activating via systemd: service name='org.freedesktop.UPower' unit='upower.service'
Sep  7 12:58:53 cu-cs-vm systemd[1]: Starting Daemon for power management...
Sep  7 12:58:53 cu-cs-vm ModemManager[1525]: <info>  Couldn't find support for device at '/sys/devices/pci0000:00/0000:00:03.0': not supported by any plugin
Sep  7 12:58:53 cu-cs-vm dbus[1592]: [system] Successfully activated service 'org.freedesktop.UPower'
Sep  7 12:58:53 cu-cs-vm systemd[1]: Started Daemon for power management.
Sep  7 12:58:53 cu-cs-vm dbus[1592]: [system] Activating via systemd: service name='org.freedesktop.RealtimeKit1' unit='rtkit-daemon.service'
Sep  7 12:58:53 cu-cs-vm systemd[1]: Starting RealtimeKit Scheduling Policy Service...
Sep  7 12:58:53 cu-cs-vm dbus[1592]: [system] Successfully activated service 'org.freedesktop.RealtimeKit1'
Sep  7 12:58:53 cu-cs-vm systemd[1]: Started RealtimeKit Scheduling Policy Service.
Sep  7 12:58:53 cu-cs-vm rtkit-daemon[2563]: Successfully called chroot.
Sep  7 12:58:53 cu-cs-vm rtkit-daemon[2563]: Successfully dropped privileges.
Sep  7 12:58:53 cu-cs-vm rtkit-daemon[2563]: Successfully limited resources.
Sep  7 12:58:53 cu-cs-vm rtkit-daemon[2563]: Running.
Sep  7 12:58:53 cu-cs-vm rtkit-daemon[2563]: Watchdog thread running.
Sep  7 12:58:53 cu-cs-vm rtkit-daemon[2563]: Canary thread running.
Sep  7 12:58:53 cu-cs-vm rtkit-daemon[2563]: Successfully made thread 2561 of process 2561 (n/a) owned by '1000' high priority at nice level -11.
Sep  7 12:58:53 cu-cs-vm rtkit-daemon[2563]: Supervising 1 threads of 1 processes of 1 users.
Sep  7 12:58:53 cu-cs-vm pulseaudio[2561]: [pulseaudio] alsa-util.c: Disabling timer-based scheduling because running inside a VM.
Sep  7 12:58:53 cu-cs-vm pulseaudio[2561]: [pulseaudio] sink.c: Default and alternate sample rates are the same.
Sep  7 12:58:53 cu-cs-vm rtkit-daemon[2563]: Supervising 1 threads of 1 processes of 1 users.
Sep  7 12:58:53 cu-cs-vm rtkit-daemon[2563]: Successfully made thread 2575 of process 2561 (n/a) owned by '1000' RT at priority 5.
Sep  7 12:58:53 cu-cs-vm rtkit-daemon[2563]: Supervising 2 threads of 1 processes of 1 users.
Sep  7 12:58:53 cu-cs-vm pulseaudio[2561]: [pulseaudio] alsa-util.c: Disabling timer-based scheduling because running inside a VM.
Sep  7 12:58:53 cu-cs-vm rtkit-daemon[2563]: Supervising 2 threads of 1 processes of 1 users.
Sep  7 12:58:53 cu-cs-vm rtkit-daemon[2563]: Successfully made thread 2576 of process 2561 (n/a) owned by '1000' RT at priority 5.
Sep  7 12:58:53 cu-cs-vm rtkit-daemon[2563]: Supervising 3 threads of 1 processes of 1 users.
Sep  7 12:58:54 cu-cs-vm rtkit-daemon[2563]: Successfully made thread 2588 of process 2588 (n/a) owned by '1000' high priority at nice level -11.
Sep  7 12:58:54 cu-cs-vm rtkit-daemon[2563]: Supervising 4 threads of 2 processes of 1 users.
Sep  7 12:58:54 cu-cs-vm pulseaudio[2588]: [pulseaudio] pid.c: Daemon already running.
Sep  7 12:58:54 cu-cs-vm dbus[1592]: [system] Activating via systemd: service name='org.freedesktop.UDisks2' unit='udisks2.service'
Sep  7 12:58:54 cu-cs-vm systemd[1]: Starting Disk Manager...
Sep  7 12:58:54 cu-cs-vm udisksd[2711]: udisks daemon version 2.1.7 starting
Sep  7 12:58:54 cu-cs-vm dbus[1592]: [system] Successfully activated service 'org.freedesktop.UDisks2'
Sep  7 12:58:54 cu-cs-vm systemd[1]: Started Disk Manager.
Sep  7 12:58:54 cu-cs-vm udisksd[2711]: Acquired the name org.freedesktop.UDisks2 on the system message bus
Sep  7 12:58:54 cu-cs-vm org.gtk.vfs.AfcVolumeMonitor[2339]: Volume monitor alive
Sep  7 12:58:55 cu-cs-vm kernel: [    8.841015] random: nonblocking pool is initialized
Sep  7 12:58:55 cu-cs-vm dbus[1592]: [system] Activating via systemd: service name='org.bluez' unit='dbus-org.bluez.service'
Sep  7 12:58:56 cu-cs-vm NetworkManager[1619]: <info>  [1473274736.6419] manager: startup complete
Sep  7 12:58:56 cu-cs-vm systemd[1]: Started Network Manager Wait Online.
Sep  7 12:58:56 cu-cs-vm systemd[1]: Reached target Network is Online.
Sep  7 12:58:56 cu-cs-vm systemd[1]: Starting LSB: disk temperature monitoring daemon...
Sep  7 12:58:56 cu-cs-vm systemd[1]: Starting /etc/rc.local Compatibility...
Sep  7 12:58:56 cu-cs-vm systemd[1]: Started /etc/rc.local Compatibility.
Sep  7 12:58:56 cu-cs-vm systemd[1]: Started LSB: disk temperature monitoring daemon.
Sep  7 12:58:56 cu-cs-vm systemd[1]: Starting Hold until boot process finishes up...
Sep  7 12:58:56 cu-cs-vm systemd[1]: Started Hold until boot process finishes up.
Sep  7 12:58:56 cu-cs-vm systemd[1]: Starting Set console scheme...
Sep  7 12:58:56 cu-cs-vm systemd[1]: Started Getty on tty1.
Sep  7 12:58:56 cu-cs-vm systemd[1]: Reached target Login Prompts.
Sep  7 12:58:56 cu-cs-vm systemd[1]: Reached target Multi-User System.
Sep  7 12:58:56 cu-cs-vm systemd[1]: Reached target Graphical Interface.
Sep  7 12:58:56 cu-cs-vm systemd[1]: Starting Update UTMP about System Runlevel Changes...
Sep  7 12:58:56 cu-cs-vm systemd[1]: Started Set console scheme.
Sep  7 12:58:56 cu-cs-vm systemd[1]: Started Update UTMP about System Runlevel Changes.
Sep  7 12:58:56 cu-cs-vm systemd[1]: Startup finished in 2.406s (kernel) + 7.751s (userspace) = 10.157s.
Sep  7 12:58:57 cu-cs-vm systemd[1]: Started Daemon for generating UUIDs.
Sep  7 12:59:00 cu-cs-vm NetworkManager[1619]: <info>  [1473274740.6435] WiFi hardware radio set enabled
Sep  7 12:59:00 cu-cs-vm NetworkManager[1619]: <info>  [1473274740.6436] WWAN hardware radio set enabled
Sep  7 12:59:20 cu-cs-vm dbus[1592]: [system] Activating via systemd: service name='org.bluez' unit='dbus-org.bluez.service'
Sep  7 12:59:20 cu-cs-vm dbus[1592]: [system] Activating service name='org.blueman.Mechanism' (using servicehelper)
Sep  7 12:59:20 cu-cs-vm obexd[3060]: OBEX daemon 5.37
Sep  7 12:59:21 cu-cs-vm org.blueman.Mechanism[1592]: Failed to connect to Mir: Failed to connect to server socket: No such file or directory
Sep  7 12:59:21 cu-cs-vm org.blueman.Mechanism[1592]: Unable to init server: Could not connect: Connection refused
Sep  7 12:59:21 cu-cs-vm org.blueman.Mechanism[1592]: Failed to connect to Mir: Failed to connect to server socket: No such file or directory
Sep  7 12:59:21 cu-cs-vm org.blueman.Mechanism[1592]: Unable to init server: Could not connect: Connection refused
Sep  7 12:59:21 cu-cs-vm blueman-mechanism: Starting blueman-mechanism
Sep  7 12:59:21 cu-cs-vm dbus[1592]: [system] Successfully activated service 'org.blueman.Mechanism'
Sep  7 12:59:21 cu-cs-vm org.blueman.Mechanism[1592]: (blueman-mechanism:3058): Gtk-CRITICAL **: gtk_icon_theme_get_for_screen: assertion 'GDK_IS_SCREEN (screen)' failed
Sep  7 12:59:21 cu-cs-vm blueman-mechanism: loading Network
Sep  7 12:59:21 cu-cs-vm blueman-mechanism: loading Ppp
Sep  7 12:59:21 cu-cs-vm blueman-mechanism: loading RfKill
Sep  7 12:59:21 cu-cs-vm blueman-mechanism: loading Rfcomm
Sep  7 12:59:34 cu-cs-vm kernel: [   48.109654] hello world
Sep  7 12:59:51 cu-cs-vm blueman-mechanism: Exiting
Sep  7 13:08:50 cu-cs-vm uptimed: moving up to position 8: 0 days, 00:10:04
Sep  7 13:13:49 cu-cs-vm systemd[1]: Starting Cleanup of Temporary Directories...
Sep  7 13:13:49 cu-cs-vm systemd-tmpfiles[3172]: [/usr/lib/tmpfiles.d/var.conf:14] Duplicate line for path "/var/log", ignoring.
Sep  7 13:13:50 cu-cs-vm systemd[1]: Started Cleanup of Temporary Directories.
Sep  7 13:17:01 cu-cs-vm CRON[5929]: (root) CMD (   cd / && run-parts --report /etc/cron.hourly)
Sep  7 13:18:50 cu-cs-vm uptimed: moving up to position 7: 0 days, 00:20:04
